skip validated scope
run free_scope; log=/home/user/Desktop/eegthingy_local_allmodels_20260721/results/local_all_43_formal_v1/logs/free_scope.attempt-0001.log
run cardinal; log=/home/user/Desktop/eegthingy_local_allmodels_20260721/results/local_all_43_formal_v1/logs/cardinal.attempt-0001.log
run free_cardinal; log=/home/user/Desktop/eegthingy_local_allmodels_20260721/results/local_all_43_formal_v1/logs/free_cardinal.attempt-0001.log
run cardinal_dynamics; log=/home/user/Desktop/eegthingy_local_allmodels_20260721/results/local_all_43_formal_v1/logs/cardinal_dynamics.attempt-0001.log
run cardinal_dynamics_compact; log=/home/user/Desktop/eegthingy_local_allmodels_20260721/results/local_all_43_formal_v1/logs/cardinal_dynamics_compact.attempt-0001.log
run cardinal_dynamics_extended; log=/home/user/Desktop/eegthingy_local_allmodels_20260721/results/local_all_43_formal_v1/logs/cardinal_dynamics_extended.attempt-0001.log
run cardinal_dynamics_sinc; log=/home/user/Desktop/eegthingy_local_allmodels_20260721/results/local_all_43_formal_v1/logs/cardinal_dynamics_sinc.attempt-0001.log
run cardinal_dynamics_sinc_residual; log=/home/user/Desktop/eegthingy_local_allmodels_20260721/results/local_all_43_formal_v1/logs/cardinal_dynamics_sinc_residual.attempt-0001.log
run cardinal_dynamics_sinc_extended; log=/home/user/Desktop/eegthingy_local_allmodels_20260721/results/local_all_43_formal_v1/logs/cardinal_dynamics_sinc_extended.attempt-0001.log
run eegnet; log=/home/user/Desktop/eegthingy_local_allmodels_20260721/results/local_all_43_formal_v1/logs/eegnet.attempt-0001.log
run shallow; log=/home/user/Desktop/eegthingy_local_allmodels_20260721/results/local_all_43_formal_v1/logs/shallow.attempt-0001.log
run deep4; log=/home/user/Desktop/eegthingy_local_allmodels_20260721/results/local_all_43_formal_v1/logs/deep4.attempt-0001.log
run eegconformer; log=/home/user/Desktop/eegthingy_local_allmodels_20260721/results/local_all_43_formal_v1/logs/eegconformer.attempt-0001.log
run eegconformer_compact; log=/home/user/Desktop/eegthingy_local_allmodels_20260721/results/local_all_43_formal_v1/logs/eegconformer_compact.attempt-0001.log
run atcnet; log=/home/user/Desktop/eegthingy_local_allmodels_20260721/results/local_all_43_formal_v1/logs/atcnet.attempt-0001.log
run atcnet_aggressive_pool; log=/home/user/Desktop/eegthingy_local_allmodels_20260721/results/local_all_43_formal_v1/logs/atcnet_aggressive_pool.attempt-0001.log
run fbcnet; log=/home/user/Desktop/eegthingy_local_allmodels_20260721/results/local_all_43_formal_v1/logs/fbcnet.attempt-0001.log
run cardinal_fbc; log=/home/user/Desktop/eegthingy_local_allmodels_20260721/results/local_all_43_formal_v1/logs/cardinal_fbc.attempt-0001.log
run cardinal_fbc_extended; log=/home/user/Desktop/eegthingy_local_allmodels_20260721/results/local_all_43_formal_v1/logs/cardinal_fbc_extended.attempt-0001.log
run cardinal_fbc_corr; log=/home/user/Desktop/eegthingy_local_allmodels_20260721/results/local_all_43_formal_v1/logs/cardinal_fbc_corr.attempt-0001.log
run cardinal_fbc_corr_extended; log=/home/user/Desktop/eegthingy_local_allmodels_20260721/results/local_all_43_formal_v1/logs/cardinal_fbc_corr_extended.attempt-0001.log
run cardinal_fbc_compactdyn; log=/home/user/Desktop/eegthingy_local_allmodels_20260721/results/local_all_43_formal_v1/logs/cardinal_fbc_compactdyn.attempt-0001.log
run cardinal_fbc_compactdyn_extended; log=/home/user/Desktop/eegthingy_local_allmodels_20260721/results/local_all_43_formal_v1/logs/cardinal_fbc_compactdyn_extended.attempt-0001.log
run cardinal_fbc_compactdyn_scale010; log=/home/user/Desktop/eegthingy_local_allmodels_20260721/results/local_all_43_formal_v1/logs/cardinal_fbc_compactdyn_scale010.attempt-0001.log
run cardinal_fbc_compactdyn_scale010_extended; log=/home/user/Desktop/eegthingy_local_allmodels_20260721/results/local_all_43_formal_v1/logs/cardinal_fbc_compactdyn_scale010_extended.attempt-0001.log
run cardinal_fbc_compactdyn_scale025; log=/home/user/Desktop/eegthingy_local_allmodels_20260721/results/local_all_43_formal_v1/logs/cardinal_fbc_compactdyn_scale025.attempt-0001.log
run cardinal_fbc_compactdyn_scale025_extended; log=/home/user/Desktop/eegthingy_local_allmodels_20260721/results/local_all_43_formal_v1/logs/cardinal_fbc_compactdyn_scale025_extended.attempt-0001.log
run cardinal_fbc_micro; log=/home/user/Desktop/eegthingy_local_allmodels_20260721/results/local_all_43_formal_v1/logs/cardinal_fbc_micro.attempt-0001.log
run cardinal_fbc_micro_extended; log=/home/user/Desktop/eegthingy_local_allmodels_20260721/results/local_all_43_formal_v1/logs/cardinal_fbc_micro_extended.attempt-0001.log
run cardinal_fbc_physical; log=/home/user/Desktop/eegthingy_local_allmodels_20260721/results/local_all_43_formal_v1/logs/cardinal_fbc_physical.attempt-0001.log
run cardinal_fbc_physical_extended; log=/home/user/Desktop/eegthingy_local_allmodels_20260721/results/local_all_43_formal_v1/logs/cardinal_fbc_physical_extended.attempt-0001.log
run eegtcnet; log=/home/user/Desktop/eegthingy_local_allmodels_20260721/results/local_all_43_formal_v1/logs/eegtcnet.attempt-0001.log
run fbmsnet; log=/home/user/Desktop/eegthingy_local_allmodels_20260721/results/local_all_43_formal_v1/logs/fbmsnet.attempt-0001.log
run cardinal_fbms; log=/home/user/Desktop/eegthingy_local_allmodels_20260721/results/local_all_43_formal_v1/logs/cardinal_fbms.attempt-0001.log
run cardinal_fbms_extended; log=/home/user/Desktop/eegthingy_local_allmodels_20260721/results/local_all_43_formal_v1/logs/cardinal_fbms_extended.attempt-0001.log
run cardinal_mix; log=/home/user/Desktop/eegthingy_local_allmodels_20260721/results/local_all_43_formal_v1/logs/cardinal_mix.attempt-0001.log
run cardinal_mix_drop; log=/home/user/Desktop/eegthingy_local_allmodels_20260721/results/local_all_43_formal_v1/logs/cardinal_mix_drop.attempt-0001.log
run ctnet; log=/home/user/Desktop/eegthingy_local_allmodels_20260721/results/local_all_43_formal_v1/logs/ctnet.attempt-0001.log
run ctnet_compact; log=/home/user/Desktop/eegthingy_local_allmodels_20260721/results/local_all_43_formal_v1/logs/ctnet_compact.attempt-0001.log
run eegsym; log=/home/user/Desktop/eegthingy_local_allmodels_20260721/results/local_all_43_formal_v1/logs/eegsym.attempt-0001.log
run eegsym_wide; log=/home/user/Desktop/eegthingy_local_allmodels_20260721/results/local_all_43_formal_v1/logs/eegsym_wide.attempt-0001.log
run tcformer; log=/home/user/Desktop/eegthingy_local_allmodels_20260721/results/local_all_43_formal_v1/logs/tcformer.attempt-0001.log
shard 0: completed=42 skipped=1 failed=0
