cameo local_exp4 S1 seed=7: bacc=85.00%
cameo local_exp4 S1 seed=17: bacc=85.00%
cameo local_exp4 S1 seed=27: bacc=85.00%
cameo local_exp4 S1 seed=37: bacc=86.67%
cameo local_exp4 S1 seed=47: bacc=85.00%
cameo local_exp4 S3 seed=7: bacc=93.33%
cameo local_exp4 S3 seed=17: bacc=93.33%
cameo local_exp4 S3 seed=27: bacc=93.33%
cameo local_exp4 S3 seed=37: bacc=91.67%
cameo local_exp4 S3 seed=47: bacc=91.67%
cameo local_exp4 S4 seed=7: bacc=95.00%
cameo local_exp4 S4 seed=17: bacc=96.67%
cameo local_exp4 S4 seed=27: bacc=95.00%
cameo local_exp4 S4 seed=37: bacc=95.00%
cameo local_exp4 S4 seed=47: bacc=95.00%
cameo local_exp4 S5 seed=7: bacc=100.00%
cameo local_exp4 S5 seed=17: bacc=100.00%
cameo local_exp4 S5 seed=27: bacc=100.00%
cameo local_exp4 S5 seed=37: bacc=100.00%
cameo local_exp4 S5 seed=47: bacc=100.00%
cameo local_exp4 S6 seed=7: bacc=100.00%
cameo local_exp4 S6 seed=17: bacc=100.00%
cameo local_exp4 S6 seed=27: bacc=100.00%
cameo local_exp4 S6 seed=37: bacc=100.00%
cameo local_exp4 S6 seed=47: bacc=100.00%
cameo local_exp4 S7 seed=7: bacc=70.00%
cameo local_exp4 S7 seed=17: bacc=75.00%
cameo local_exp4 S7 seed=27: bacc=81.67%
cameo local_exp4 S7 seed=37: bacc=73.33%
cameo local_exp4 S7 seed=47: bacc=80.00%
cameo local_exp4 S8 seed=7: bacc=90.00%
cameo local_exp4 S8 seed=17: bacc=90.00%
cameo local_exp4 S8 seed=27: bacc=90.00%
cameo local_exp4 S8 seed=37: bacc=91.67%
cameo local_exp4 S8 seed=47: bacc=91.67%
cameo local_exp4 S10 seed=7: bacc=88.33%
cameo local_exp4 S10 seed=17: bacc=93.33%
cameo local_exp4 S10 seed=27: bacc=90.00%
cameo local_exp4 S10 seed=37: bacc=90.00%
cameo local_exp4 S10 seed=47: bacc=91.67%
{
  "aggregation": "mean seeds within participant, then equal-weight participant mean",
  "balanced_accuracy_mean": 0.9133333333333333,
  "balanced_accuracy_std": 0.07928249671720917,
  "n_participants": 8,
  "n_records": 40,
  "subject_balanced_accuracy": {
    "1": 0.8533333333333335,
    "10": 0.9066666666666666,
    "3": 0.9266666666666667,
    "4": 0.9533333333333334,
    "5": 1.0,
    "6": 1.0,
    "7": 0.76,
    "8": 0.9066666666666668
  }
}
