hemiparity local_exp4 S1 seed=7: bacc=83.33%
hemiparity local_exp4 S1 seed=17: bacc=83.33%
hemiparity local_exp4 S1 seed=27: bacc=81.67%
hemiparity local_exp4 S1 seed=37: bacc=81.67%
hemiparity local_exp4 S1 seed=47: bacc=85.00%
hemiparity local_exp4 S3 seed=7: bacc=93.33%
hemiparity local_exp4 S3 seed=17: bacc=95.00%
hemiparity local_exp4 S3 seed=27: bacc=93.33%
hemiparity local_exp4 S3 seed=37: bacc=93.33%
hemiparity local_exp4 S3 seed=47: bacc=93.33%
hemiparity local_exp4 S4 seed=7: bacc=93.33%
hemiparity local_exp4 S4 seed=17: bacc=95.00%
hemiparity local_exp4 S4 seed=27: bacc=93.33%
hemiparity local_exp4 S4 seed=37: bacc=93.33%
hemiparity local_exp4 S4 seed=47: bacc=93.33%
hemiparity local_exp4 S5 seed=7: bacc=100.00%
hemiparity local_exp4 S5 seed=17: bacc=100.00%
hemiparity local_exp4 S5 seed=27: bacc=100.00%
hemiparity local_exp4 S5 seed=37: bacc=100.00%
hemiparity local_exp4 S5 seed=47: bacc=100.00%
hemiparity local_exp4 S6 seed=7: bacc=100.00%
hemiparity local_exp4 S6 seed=17: bacc=98.33%
hemiparity local_exp4 S6 seed=27: bacc=100.00%
hemiparity local_exp4 S6 seed=37: bacc=96.67%
hemiparity local_exp4 S6 seed=47: bacc=96.67%
hemiparity local_exp4 S7 seed=7: bacc=73.33%
hemiparity local_exp4 S7 seed=17: bacc=75.00%
hemiparity local_exp4 S7 seed=27: bacc=76.67%
hemiparity local_exp4 S7 seed=37: bacc=75.00%
hemiparity local_exp4 S7 seed=47: bacc=75.00%
hemiparity local_exp4 S8 seed=7: bacc=90.00%
hemiparity local_exp4 S8 seed=17: bacc=88.33%
hemiparity local_exp4 S8 seed=27: bacc=90.00%
hemiparity local_exp4 S8 seed=37: bacc=90.00%
hemiparity local_exp4 S8 seed=47: bacc=88.33%
hemiparity local_exp4 S10 seed=7: bacc=93.33%
hemiparity local_exp4 S10 seed=17: bacc=91.67%
hemiparity local_exp4 S10 seed=27: bacc=93.33%
hemiparity local_exp4 S10 seed=37: bacc=88.33%
hemiparity local_exp4 S10 seed=47: bacc=88.33%
{
  "aggregation": "mean seeds within participant, then equal-weight participant mean",
  "balanced_accuracy_mean": 0.905,
  "balanced_accuracy_std": 0.08192137151629676,
  "n_participants": 8,
  "n_records": 40,
  "subject_balanced_accuracy": {
    "1": 0.8299999999999998,
    "10": 0.9099999999999999,
    "3": 0.9366666666666668,
    "4": 0.9366666666666668,
    "5": 1.0,
    "6": 0.9833333333333334,
    "7": 0.75,
    "8": 0.8933333333333333
  }
}
