[2026-07-21T04:53:18.658516+00:00] local_exp4 S1 fold=0 model=atcnet_aggressive_pool seed=7
/home/user/Desktop/eegthingy_local_allmodels_20260721/.venv/lib/python3.12/site-packages/torch/nn/modules/conv.py:548: UserWarning: Using padding='same' with even kernel lengths and odd dilation may require a zero-padded copy of the input be created (Triggered internally at /pytorch/aten/src/ATen/native/Convolution.cpp:1024.)
  return F.conv2d(
  BA=0.7167 best_epoch=185 seconds=11.8
[2026-07-21T04:53:31.726261+00:00] local_exp4 S1 fold=0 model=atcnet_aggressive_pool seed=17
  BA=0.9000 best_epoch=162 seconds=10.4
[2026-07-21T04:53:42.143053+00:00] local_exp4 S1 fold=0 model=atcnet_aggressive_pool seed=27
  BA=0.8000 best_epoch=179 seconds=10.9
[2026-07-21T04:53:53.050536+00:00] local_exp4 S1 fold=0 model=atcnet_aggressive_pool seed=37
  BA=0.7500 best_epoch=175 seconds=11.0
[2026-07-21T04:54:04.055157+00:00] local_exp4 S1 fold=0 model=atcnet_aggressive_pool seed=47
  BA=0.8000 best_epoch=134 seconds=8.9
[2026-07-21T04:54:13.039360+00:00] local_exp4 S3 fold=0 model=atcnet_aggressive_pool seed=7
  BA=0.9667 best_epoch=101 seconds=7.0
[2026-07-21T04:54:20.090690+00:00] local_exp4 S3 fold=0 model=atcnet_aggressive_pool seed=17
  BA=0.9500 best_epoch=91 seconds=6.4
[2026-07-21T04:54:26.515632+00:00] local_exp4 S3 fold=0 model=atcnet_aggressive_pool seed=27
  BA=0.9667 best_epoch=98 seconds=6.7
[2026-07-21T04:54:33.293406+00:00] local_exp4 S3 fold=0 model=atcnet_aggressive_pool seed=37
  BA=0.9667 best_epoch=79 seconds=5.4
[2026-07-21T04:54:38.739164+00:00] local_exp4 S3 fold=0 model=atcnet_aggressive_pool seed=47
  BA=0.9667 best_epoch=74 seconds=5.1
[2026-07-21T04:54:43.927332+00:00] local_exp4 S4 fold=0 model=atcnet_aggressive_pool seed=7
  BA=0.9167 best_epoch=75 seconds=5.3
[2026-07-21T04:54:49.300691+00:00] local_exp4 S4 fold=0 model=atcnet_aggressive_pool seed=17
  BA=0.9000 best_epoch=97 seconds=6.5
[2026-07-21T04:54:55.882100+00:00] local_exp4 S4 fold=0 model=atcnet_aggressive_pool seed=27
  BA=0.9333 best_epoch=137 seconds=9.3
[2026-07-21T04:55:05.188723+00:00] local_exp4 S4 fold=0 model=atcnet_aggressive_pool seed=37
  BA=0.9000 best_epoch=120 seconds=8.2
[2026-07-21T04:55:13.399141+00:00] local_exp4 S4 fold=0 model=atcnet_aggressive_pool seed=47
  BA=0.9167 best_epoch=84 seconds=6.1
[2026-07-21T04:55:19.505227+00:00] local_exp4 S5 fold=0 model=atcnet_aggressive_pool seed=7
  BA=0.9833 best_epoch=62 seconds=4.9
[2026-07-21T04:55:24.434938+00:00] local_exp4 S5 fold=0 model=atcnet_aggressive_pool seed=17
  BA=1.0000 best_epoch=101 seconds=7.0
[2026-07-21T04:55:31.509822+00:00] local_exp4 S5 fold=0 model=atcnet_aggressive_pool seed=27
  BA=1.0000 best_epoch=116 seconds=8.0
[2026-07-21T04:55:39.521942+00:00] local_exp4 S5 fold=0 model=atcnet_aggressive_pool seed=37
  BA=1.0000 best_epoch=124 seconds=8.4
[2026-07-21T04:55:47.994980+00:00] local_exp4 S5 fold=0 model=atcnet_aggressive_pool seed=47
  BA=1.0000 best_epoch=114 seconds=7.9
[2026-07-21T04:55:55.915130+00:00] local_exp4 S6 fold=0 model=atcnet_aggressive_pool seed=7
  BA=0.9833 best_epoch=89 seconds=6.3
[2026-07-21T04:56:02.220638+00:00] local_exp4 S6 fold=0 model=atcnet_aggressive_pool seed=17
  BA=0.9833 best_epoch=140 seconds=9.4
[2026-07-21T04:56:11.671658+00:00] local_exp4 S6 fold=0 model=atcnet_aggressive_pool seed=27
  BA=0.9833 best_epoch=82 seconds=6.1
[2026-07-21T04:56:17.803596+00:00] local_exp4 S6 fold=0 model=atcnet_aggressive_pool seed=37
  BA=1.0000 best_epoch=119 seconds=8.1
[2026-07-21T04:56:25.966771+00:00] local_exp4 S6 fold=0 model=atcnet_aggressive_pool seed=47
  BA=1.0000 best_epoch=106 seconds=7.4
[2026-07-21T04:56:33.412481+00:00] local_exp4 S7 fold=0 model=atcnet_aggressive_pool seed=7
  BA=0.8167 best_epoch=194 seconds=11.9
[2026-07-21T04:56:45.389906+00:00] local_exp4 S7 fold=0 model=atcnet_aggressive_pool seed=17
  BA=0.7667 best_epoch=145 seconds=9.9
[2026-07-21T04:56:55.301831+00:00] local_exp4 S7 fold=0 model=atcnet_aggressive_pool seed=27
  BA=0.7667 best_epoch=171 seconds=10.9
[2026-07-21T04:57:06.264303+00:00] local_exp4 S7 fold=0 model=atcnet_aggressive_pool seed=37
  BA=0.7167 best_epoch=185 seconds=11.2
[2026-07-21T04:57:17.529528+00:00] local_exp4 S7 fold=0 model=atcnet_aggressive_pool seed=47
  BA=0.7667 best_epoch=115 seconds=7.6
[2026-07-21T04:57:25.215840+00:00] local_exp4 S8 fold=0 model=atcnet_aggressive_pool seed=7
  BA=0.5833 best_epoch=19 seconds=2.0
[2026-07-21T04:57:27.276108+00:00] local_exp4 S8 fold=0 model=atcnet_aggressive_pool seed=17
  BA=0.5333 best_epoch=4 seconds=1.1
[2026-07-21T04:57:28.442453+00:00] local_exp4 S8 fold=0 model=atcnet_aggressive_pool seed=27
  BA=0.5500 best_epoch=11 seconds=1.6
[2026-07-21T04:57:30.068968+00:00] local_exp4 S8 fold=0 model=atcnet_aggressive_pool seed=37
  BA=0.9500 best_epoch=185 seconds=11.7
[2026-07-21T04:57:41.804366+00:00] local_exp4 S8 fold=0 model=atcnet_aggressive_pool seed=47
  BA=0.7000 best_epoch=15 seconds=1.9
[2026-07-21T04:57:43.717611+00:00] local_exp4 S10 fold=0 model=atcnet_aggressive_pool seed=7
  BA=0.9500 best_epoch=98 seconds=7.0
[2026-07-21T04:57:50.735720+00:00] local_exp4 S10 fold=0 model=atcnet_aggressive_pool seed=17
  BA=0.9333 best_epoch=157 seconds=10.6
[2026-07-21T04:58:01.388683+00:00] local_exp4 S10 fold=0 model=atcnet_aggressive_pool seed=27
  BA=0.9333 best_epoch=148 seconds=9.7
[2026-07-21T04:58:11.099843+00:00] local_exp4 S10 fold=0 model=atcnet_aggressive_pool seed=37
  BA=0.9500 best_epoch=118 seconds=8.0
[2026-07-21T04:58:19.142027+00:00] local_exp4 S10 fold=0 model=atcnet_aggressive_pool seed=47
  BA=0.9333 best_epoch=138 seconds=9.4
wrote /home/user/Desktop/eegthingy_local_allmodels_20260721/results/local_all_43_formal_v1/artifacts/atcnet_aggressive_pool.json
