[2026-07-21T04:48:36.661109+00:00] local_exp4 S1 fold=0 model=atcnet seed=7
/home/user/Desktop/eegthingy_local_allmodels_20260721/.venv/lib/python3.12/site-packages/braindecode/models/atcnet.py:302: UserWarning: n_times (256) is smaller than the minimum required (308) for the current model parameters configuration. Adjusting parameters to ensure compatibility.Reducing the kernel, pooling, and stride sizes accordingly.Scaling factor: 0.83
  warn(
/home/user/Desktop/eegthingy_local_allmodels_20260721/.venv/lib/python3.12/site-packages/torch/nn/modules/conv.py:548: UserWarning: Using padding='same' with even kernel lengths and odd dilation may require a zero-padded copy of the input be created (Triggered internally at /pytorch/aten/src/ATen/native/Convolution.cpp:1024.)
  return F.conv2d(
  BA=0.8167 best_epoch=192 seconds=9.9
[2026-07-21T04:48:47.692250+00:00] local_exp4 S1 fold=0 model=atcnet seed=17
/home/user/Desktop/eegthingy_local_allmodels_20260721/.venv/lib/python3.12/site-packages/braindecode/models/atcnet.py:302: UserWarning: n_times (256) is smaller than the minimum required (308) for the current model parameters configuration. Adjusting parameters to ensure compatibility.Reducing the kernel, pooling, and stride sizes accordingly.Scaling factor: 0.83
  warn(
  BA=0.6667 best_epoch=181 seconds=9.4
[2026-07-21T04:48:57.173722+00:00] local_exp4 S1 fold=0 model=atcnet seed=27
/home/user/Desktop/eegthingy_local_allmodels_20260721/.venv/lib/python3.12/site-packages/braindecode/models/atcnet.py:302: UserWarning: n_times (256) is smaller than the minimum required (308) for the current model parameters configuration. Adjusting parameters to ensure compatibility.Reducing the kernel, pooling, and stride sizes accordingly.Scaling factor: 0.83
  warn(
  BA=0.8167 best_epoch=183 seconds=9.7
[2026-07-21T04:49:06.895947+00:00] local_exp4 S1 fold=0 model=atcnet seed=37
/home/user/Desktop/eegthingy_local_allmodels_20260721/.venv/lib/python3.12/site-packages/braindecode/models/atcnet.py:302: UserWarning: n_times (256) is smaller than the minimum required (308) for the current model parameters configuration. Adjusting parameters to ensure compatibility.Reducing the kernel, pooling, and stride sizes accordingly.Scaling factor: 0.83
  warn(
  BA=0.5667 best_epoch=4 seconds=1.0
[2026-07-21T04:49:07.930671+00:00] local_exp4 S1 fold=0 model=atcnet seed=47
/home/user/Desktop/eegthingy_local_allmodels_20260721/.venv/lib/python3.12/site-packages/braindecode/models/atcnet.py:302: UserWarning: n_times (256) is smaller than the minimum required (308) for the current model parameters configuration. Adjusting parameters to ensure compatibility.Reducing the kernel, pooling, and stride sizes accordingly.Scaling factor: 0.83
  warn(
  BA=0.7167 best_epoch=199 seconds=10.3
[2026-07-21T04:49:18.255432+00:00] local_exp4 S3 fold=0 model=atcnet seed=7
/home/user/Desktop/eegthingy_local_allmodels_20260721/.venv/lib/python3.12/site-packages/braindecode/models/atcnet.py:302: UserWarning: n_times (256) is smaller than the minimum required (308) for the current model parameters configuration. Adjusting parameters to ensure compatibility.Reducing the kernel, pooling, and stride sizes accordingly.Scaling factor: 0.83
  warn(
  BA=0.9333 best_epoch=126 seconds=7.0
[2026-07-21T04:49:25.251136+00:00] local_exp4 S3 fold=0 model=atcnet seed=17
/home/user/Desktop/eegthingy_local_allmodels_20260721/.venv/lib/python3.12/site-packages/braindecode/models/atcnet.py:302: UserWarning: n_times (256) is smaller than the minimum required (308) for the current model parameters configuration. Adjusting parameters to ensure compatibility.Reducing the kernel, pooling, and stride sizes accordingly.Scaling factor: 0.83
  warn(
  BA=0.8167 best_epoch=27 seconds=2.1
[2026-07-21T04:49:27.412179+00:00] local_exp4 S3 fold=0 model=atcnet seed=27
/home/user/Desktop/eegthingy_local_allmodels_20260721/.venv/lib/python3.12/site-packages/braindecode/models/atcnet.py:302: UserWarning: n_times (256) is smaller than the minimum required (308) for the current model parameters configuration. Adjusting parameters to ensure compatibility.Reducing the kernel, pooling, and stride sizes accordingly.Scaling factor: 0.83
  warn(
  BA=0.9333 best_epoch=62 seconds=4.0
[2026-07-21T04:49:31.438152+00:00] local_exp4 S3 fold=0 model=atcnet seed=37
/home/user/Desktop/eegthingy_local_allmodels_20260721/.venv/lib/python3.12/site-packages/braindecode/models/atcnet.py:302: UserWarning: n_times (256) is smaller than the minimum required (308) for the current model parameters configuration. Adjusting parameters to ensure compatibility.Reducing the kernel, pooling, and stride sizes accordingly.Scaling factor: 0.83
  warn(
  BA=0.7833 best_epoch=24 seconds=2.0
[2026-07-21T04:49:33.520226+00:00] local_exp4 S3 fold=0 model=atcnet seed=47
/home/user/Desktop/eegthingy_local_allmodels_20260721/.venv/lib/python3.12/site-packages/braindecode/models/atcnet.py:302: UserWarning: n_times (256) is smaller than the minimum required (308) for the current model parameters configuration. Adjusting parameters to ensure compatibility.Reducing the kernel, pooling, and stride sizes accordingly.Scaling factor: 0.83
  warn(
  BA=0.8000 best_epoch=32 seconds=2.5
[2026-07-21T04:49:36.025956+00:00] local_exp4 S4 fold=0 model=atcnet seed=7
/home/user/Desktop/eegthingy_local_allmodels_20260721/.venv/lib/python3.12/site-packages/braindecode/models/atcnet.py:302: UserWarning: n_times (256) is smaller than the minimum required (308) for the current model parameters configuration. Adjusting parameters to ensure compatibility.Reducing the kernel, pooling, and stride sizes accordingly.Scaling factor: 0.83
  warn(
  BA=0.8667 best_epoch=70 seconds=4.4
[2026-07-21T04:49:40.490487+00:00] local_exp4 S4 fold=0 model=atcnet seed=17
/home/user/Desktop/eegthingy_local_allmodels_20260721/.venv/lib/python3.12/site-packages/braindecode/models/atcnet.py:302: UserWarning: n_times (256) is smaller than the minimum required (308) for the current model parameters configuration. Adjusting parameters to ensure compatibility.Reducing the kernel, pooling, and stride sizes accordingly.Scaling factor: 0.83
  warn(
  BA=0.9000 best_epoch=132 seconds=7.7
[2026-07-21T04:49:48.184045+00:00] local_exp4 S4 fold=0 model=atcnet seed=27
/home/user/Desktop/eegthingy_local_allmodels_20260721/.venv/lib/python3.12/site-packages/braindecode/models/atcnet.py:302: UserWarning: n_times (256) is smaller than the minimum required (308) for the current model parameters configuration. Adjusting parameters to ensure compatibility.Reducing the kernel, pooling, and stride sizes accordingly.Scaling factor: 0.83
  warn(
  BA=0.9333 best_epoch=179 seconds=9.6
[2026-07-21T04:49:57.793050+00:00] local_exp4 S4 fold=0 model=atcnet seed=37
/home/user/Desktop/eegthingy_local_allmodels_20260721/.venv/lib/python3.12/site-packages/braindecode/models/atcnet.py:302: UserWarning: n_times (256) is smaller than the minimum required (308) for the current model parameters configuration. Adjusting parameters to ensure compatibility.Reducing the kernel, pooling, and stride sizes accordingly.Scaling factor: 0.83
  warn(
  BA=0.9167 best_epoch=142 seconds=8.2
[2026-07-21T04:50:06.004802+00:00] local_exp4 S4 fold=0 model=atcnet seed=47
/home/user/Desktop/eegthingy_local_allmodels_20260721/.venv/lib/python3.12/site-packages/braindecode/models/atcnet.py:302: UserWarning: n_times (256) is smaller than the minimum required (308) for the current model parameters configuration. Adjusting parameters to ensure compatibility.Reducing the kernel, pooling, and stride sizes accordingly.Scaling factor: 0.83
  warn(
  BA=0.8833 best_epoch=193 seconds=10.2
[2026-07-21T04:50:16.220764+00:00] local_exp4 S5 fold=0 model=atcnet seed=7
/home/user/Desktop/eegthingy_local_allmodels_20260721/.venv/lib/python3.12/site-packages/braindecode/models/atcnet.py:302: UserWarning: n_times (256) is smaller than the minimum required (308) for the current model parameters configuration. Adjusting parameters to ensure compatibility.Reducing the kernel, pooling, and stride sizes accordingly.Scaling factor: 0.83
  warn(
  BA=1.0000 best_epoch=107 seconds=6.2
[2026-07-21T04:50:22.502881+00:00] local_exp4 S5 fold=0 model=atcnet seed=17
/home/user/Desktop/eegthingy_local_allmodels_20260721/.venv/lib/python3.12/site-packages/braindecode/models/atcnet.py:302: UserWarning: n_times (256) is smaller than the minimum required (308) for the current model parameters configuration. Adjusting parameters to ensure compatibility.Reducing the kernel, pooling, and stride sizes accordingly.Scaling factor: 0.83
  warn(
  BA=1.0000 best_epoch=131 seconds=7.5
[2026-07-21T04:50:30.047319+00:00] local_exp4 S5 fold=0 model=atcnet seed=27
/home/user/Desktop/eegthingy_local_allmodels_20260721/.venv/lib/python3.12/site-packages/braindecode/models/atcnet.py:302: UserWarning: n_times (256) is smaller than the minimum required (308) for the current model parameters configuration. Adjusting parameters to ensure compatibility.Reducing the kernel, pooling, and stride sizes accordingly.Scaling factor: 0.83
  warn(
  BA=1.0000 best_epoch=149 seconds=8.0
[2026-07-21T04:50:38.105123+00:00] local_exp4 S5 fold=0 model=atcnet seed=37
/home/user/Desktop/eegthingy_local_allmodels_20260721/.venv/lib/python3.12/site-packages/braindecode/models/atcnet.py:302: UserWarning: n_times (256) is smaller than the minimum required (308) for the current model parameters configuration. Adjusting parameters to ensure compatibility.Reducing the kernel, pooling, and stride sizes accordingly.Scaling factor: 0.83
  warn(
  BA=0.9833 best_epoch=93 seconds=5.3
[2026-07-21T04:50:43.454967+00:00] local_exp4 S5 fold=0 model=atcnet seed=47
/home/user/Desktop/eegthingy_local_allmodels_20260721/.venv/lib/python3.12/site-packages/braindecode/models/atcnet.py:302: UserWarning: n_times (256) is smaller than the minimum required (308) for the current model parameters configuration. Adjusting parameters to ensure compatibility.Reducing the kernel, pooling, and stride sizes accordingly.Scaling factor: 0.83
  warn(
  BA=1.0000 best_epoch=154 seconds=8.6
[2026-07-21T04:50:52.107912+00:00] local_exp4 S6 fold=0 model=atcnet seed=7
/home/user/Desktop/eegthingy_local_allmodels_20260721/.venv/lib/python3.12/site-packages/braindecode/models/atcnet.py:302: UserWarning: n_times (256) is smaller than the minimum required (308) for the current model parameters configuration. Adjusting parameters to ensure compatibility.Reducing the kernel, pooling, and stride sizes accordingly.Scaling factor: 0.83
  warn(
  BA=0.9833 best_epoch=101 seconds=6.0
[2026-07-21T04:50:58.131077+00:00] local_exp4 S6 fold=0 model=atcnet seed=17
/home/user/Desktop/eegthingy_local_allmodels_20260721/.venv/lib/python3.12/site-packages/braindecode/models/atcnet.py:302: UserWarning: n_times (256) is smaller than the minimum required (308) for the current model parameters configuration. Adjusting parameters to ensure compatibility.Reducing the kernel, pooling, and stride sizes accordingly.Scaling factor: 0.83
  warn(
  BA=1.0000 best_epoch=167 seconds=9.4
[2026-07-21T04:51:07.526881+00:00] local_exp4 S6 fold=0 model=atcnet seed=27
/home/user/Desktop/eegthingy_local_allmodels_20260721/.venv/lib/python3.12/site-packages/braindecode/models/atcnet.py:302: UserWarning: n_times (256) is smaller than the minimum required (308) for the current model parameters configuration. Adjusting parameters to ensure compatibility.Reducing the kernel, pooling, and stride sizes accordingly.Scaling factor: 0.83
  warn(
  BA=1.0000 best_epoch=123 seconds=7.2
[2026-07-21T04:51:14.791927+00:00] local_exp4 S6 fold=0 model=atcnet seed=37
/home/user/Desktop/eegthingy_local_allmodels_20260721/.venv/lib/python3.12/site-packages/braindecode/models/atcnet.py:302: UserWarning: n_times (256) is smaller than the minimum required (308) for the current model parameters configuration. Adjusting parameters to ensure compatibility.Reducing the kernel, pooling, and stride sizes accordingly.Scaling factor: 0.83
  warn(
  BA=0.9833 best_epoch=167 seconds=9.0
[2026-07-21T04:51:23.827931+00:00] local_exp4 S6 fold=0 model=atcnet seed=47
/home/user/Desktop/eegthingy_local_allmodels_20260721/.venv/lib/python3.12/site-packages/braindecode/models/atcnet.py:302: UserWarning: n_times (256) is smaller than the minimum required (308) for the current model parameters configuration. Adjusting parameters to ensure compatibility.Reducing the kernel, pooling, and stride sizes accordingly.Scaling factor: 0.83
  warn(
  BA=1.0000 best_epoch=179 seconds=9.3
[2026-07-21T04:51:33.134358+00:00] local_exp4 S7 fold=0 model=atcnet seed=7
/home/user/Desktop/eegthingy_local_allmodels_20260721/.venv/lib/python3.12/site-packages/braindecode/models/atcnet.py:302: UserWarning: n_times (256) is smaller than the minimum required (308) for the current model parameters configuration. Adjusting parameters to ensure compatibility.Reducing the kernel, pooling, and stride sizes accordingly.Scaling factor: 0.83
  warn(
  BA=0.7833 best_epoch=155 seconds=8.8
[2026-07-21T04:51:41.968686+00:00] local_exp4 S7 fold=0 model=atcnet seed=17
/home/user/Desktop/eegthingy_local_allmodels_20260721/.venv/lib/python3.12/site-packages/braindecode/models/atcnet.py:302: UserWarning: n_times (256) is smaller than the minimum required (308) for the current model parameters configuration. Adjusting parameters to ensure compatibility.Reducing the kernel, pooling, and stride sizes accordingly.Scaling factor: 0.83
  warn(
  BA=0.5000 best_epoch=24 seconds=2.0
[2026-07-21T04:51:44.026559+00:00] local_exp4 S7 fold=0 model=atcnet seed=27
/home/user/Desktop/eegthingy_local_allmodels_20260721/.venv/lib/python3.12/site-packages/braindecode/models/atcnet.py:302: UserWarning: n_times (256) is smaller than the minimum required (308) for the current model parameters configuration. Adjusting parameters to ensure compatibility.Reducing the kernel, pooling, and stride sizes accordingly.Scaling factor: 0.83
  warn(
  BA=0.7833 best_epoch=183 seconds=10.0
[2026-07-21T04:51:54.078802+00:00] local_exp4 S7 fold=0 model=atcnet seed=37
/home/user/Desktop/eegthingy_local_allmodels_20260721/.venv/lib/python3.12/site-packages/braindecode/models/atcnet.py:302: UserWarning: n_times (256) is smaller than the minimum required (308) for the current model parameters configuration. Adjusting parameters to ensure compatibility.Reducing the kernel, pooling, and stride sizes accordingly.Scaling factor: 0.83
  warn(
  BA=0.6000 best_epoch=24 seconds=2.0
[2026-07-21T04:51:56.142682+00:00] local_exp4 S7 fold=0 model=atcnet seed=47
/home/user/Desktop/eegthingy_local_allmodels_20260721/.venv/lib/python3.12/site-packages/braindecode/models/atcnet.py:302: UserWarning: n_times (256) is smaller than the minimum required (308) for the current model parameters configuration. Adjusting parameters to ensure compatibility.Reducing the kernel, pooling, and stride sizes accordingly.Scaling factor: 0.83
  warn(
  BA=0.8500 best_epoch=165 seconds=9.1
[2026-07-21T04:52:05.288065+00:00] local_exp4 S8 fold=0 model=atcnet seed=7
/home/user/Desktop/eegthingy_local_allmodels_20260721/.venv/lib/python3.12/site-packages/braindecode/models/atcnet.py:302: UserWarning: n_times (256) is smaller than the minimum required (308) for the current model parameters configuration. Adjusting parameters to ensure compatibility.Reducing the kernel, pooling, and stride sizes accordingly.Scaling factor: 0.83
  warn(
  BA=0.9500 best_epoch=197 seconds=10.2
[2026-07-21T04:52:15.546979+00:00] local_exp4 S8 fold=0 model=atcnet seed=17
/home/user/Desktop/eegthingy_local_allmodels_20260721/.venv/lib/python3.12/site-packages/braindecode/models/atcnet.py:302: UserWarning: n_times (256) is smaller than the minimum required (308) for the current model parameters configuration. Adjusting parameters to ensure compatibility.Reducing the kernel, pooling, and stride sizes accordingly.Scaling factor: 0.83
  warn(
  BA=0.5667 best_epoch=32 seconds=2.4
[2026-07-21T04:52:18.018042+00:00] local_exp4 S8 fold=0 model=atcnet seed=27
/home/user/Desktop/eegthingy_local_allmodels_20260721/.venv/lib/python3.12/site-packages/braindecode/models/atcnet.py:302: UserWarning: n_times (256) is smaller than the minimum required (308) for the current model parameters configuration. Adjusting parameters to ensure compatibility.Reducing the kernel, pooling, and stride sizes accordingly.Scaling factor: 0.83
  warn(
  BA=0.5167 best_epoch=0 seconds=0.8
[2026-07-21T04:52:18.848547+00:00] local_exp4 S8 fold=0 model=atcnet seed=37
/home/user/Desktop/eegthingy_local_allmodels_20260721/.venv/lib/python3.12/site-packages/braindecode/models/atcnet.py:302: UserWarning: n_times (256) is smaller than the minimum required (308) for the current model parameters configuration. Adjusting parameters to ensure compatibility.Reducing the kernel, pooling, and stride sizes accordingly.Scaling factor: 0.83
  warn(
  BA=0.9000 best_epoch=195 seconds=9.9
[2026-07-21T04:52:28.836255+00:00] local_exp4 S8 fold=0 model=atcnet seed=47
/home/user/Desktop/eegthingy_local_allmodels_20260721/.venv/lib/python3.12/site-packages/braindecode/models/atcnet.py:302: UserWarning: n_times (256) is smaller than the minimum required (308) for the current model parameters configuration. Adjusting parameters to ensure compatibility.Reducing the kernel, pooling, and stride sizes accordingly.Scaling factor: 0.83
  warn(
  BA=0.5500 best_epoch=47 seconds=3.2
[2026-07-21T04:52:32.051963+00:00] local_exp4 S10 fold=0 model=atcnet seed=7
/home/user/Desktop/eegthingy_local_allmodels_20260721/.venv/lib/python3.12/site-packages/braindecode/models/atcnet.py:302: UserWarning: n_times (256) is smaller than the minimum required (308) for the current model parameters configuration. Adjusting parameters to ensure compatibility.Reducing the kernel, pooling, and stride sizes accordingly.Scaling factor: 0.83
  warn(
  BA=0.9333 best_epoch=114 seconds=6.7
[2026-07-21T04:52:38.759689+00:00] local_exp4 S10 fold=0 model=atcnet seed=17
/home/user/Desktop/eegthingy_local_allmodels_20260721/.venv/lib/python3.12/site-packages/braindecode/models/atcnet.py:302: UserWarning: n_times (256) is smaller than the minimum required (308) for the current model parameters configuration. Adjusting parameters to ensure compatibility.Reducing the kernel, pooling, and stride sizes accordingly.Scaling factor: 0.83
  warn(
  BA=0.9500 best_epoch=140 seconds=8.1
[2026-07-21T04:52:46.874173+00:00] local_exp4 S10 fold=0 model=atcnet seed=27
/home/user/Desktop/eegthingy_local_allmodels_20260721/.venv/lib/python3.12/site-packages/braindecode/models/atcnet.py:302: UserWarning: n_times (256) is smaller than the minimum required (308) for the current model parameters configuration. Adjusting parameters to ensure compatibility.Reducing the kernel, pooling, and stride sizes accordingly.Scaling factor: 0.83
  warn(
  BA=0.9167 best_epoch=154 seconds=8.7
[2026-07-21T04:52:55.616508+00:00] local_exp4 S10 fold=0 model=atcnet seed=37
/home/user/Desktop/eegthingy_local_allmodels_20260721/.venv/lib/python3.12/site-packages/braindecode/models/atcnet.py:302: UserWarning: n_times (256) is smaller than the minimum required (308) for the current model parameters configuration. Adjusting parameters to ensure compatibility.Reducing the kernel, pooling, and stride sizes accordingly.Scaling factor: 0.83
  warn(
  BA=0.9333 best_epoch=198 seconds=10.2
[2026-07-21T04:53:05.894278+00:00] local_exp4 S10 fold=0 model=atcnet seed=47
/home/user/Desktop/eegthingy_local_allmodels_20260721/.venv/lib/python3.12/site-packages/braindecode/models/atcnet.py:302: UserWarning: n_times (256) is smaller than the minimum required (308) for the current model parameters configuration. Adjusting parameters to ensure compatibility.Reducing the kernel, pooling, and stride sizes accordingly.Scaling factor: 0.83
  warn(
  BA=0.9167 best_epoch=194 seconds=10.2
wrote /home/user/Desktop/eegthingy_local_allmodels_20260721/results/local_all_43_formal_v1/artifacts/atcnet.json
