[2026-07-21T05:18:16.964088+00:00] local_exp4 S1 fold=0 model=cardinal_fbc_compactdyn_scale025_extended seed=7
/home/user/Desktop/eegthingy_local_allmodels_20260721/.venv/lib/python3.12/site-packages/braindecode/modules/filter.py:168: UserWarning: Creating the filter banks equally divided in the interval 4Hz to 40Hz with almost equal bandwidths. If you want a specific interval, please specify 'band_filters' as a list of tuples.
  warn(
  BA=0.7833 best_epoch=111 seconds=3.9
[2026-07-21T05:18:21.963714+00:00] local_exp4 S1 fold=0 model=cardinal_fbc_compactdyn_scale025_extended seed=17
/home/user/Desktop/eegthingy_local_allmodels_20260721/.venv/lib/python3.12/site-packages/braindecode/modules/filter.py:168: UserWarning: Creating the filter banks equally divided in the interval 4Hz to 40Hz with almost equal bandwidths. If you want a specific interval, please specify 'band_filters' as a list of tuples.
  warn(
  BA=0.8500 best_epoch=153 seconds=4.7
[2026-07-21T05:18:26.666123+00:00] local_exp4 S1 fold=0 model=cardinal_fbc_compactdyn_scale025_extended seed=27
/home/user/Desktop/eegthingy_local_allmodels_20260721/.venv/lib/python3.12/site-packages/braindecode/modules/filter.py:168: UserWarning: Creating the filter banks equally divided in the interval 4Hz to 40Hz with almost equal bandwidths. If you want a specific interval, please specify 'band_filters' as a list of tuples.
  warn(
  BA=0.8000 best_epoch=95 seconds=3.1
[2026-07-21T05:18:29.769151+00:00] local_exp4 S1 fold=0 model=cardinal_fbc_compactdyn_scale025_extended seed=37
/home/user/Desktop/eegthingy_local_allmodels_20260721/.venv/lib/python3.12/site-packages/braindecode/modules/filter.py:168: UserWarning: Creating the filter banks equally divided in the interval 4Hz to 40Hz with almost equal bandwidths. If you want a specific interval, please specify 'band_filters' as a list of tuples.
  warn(
  BA=0.8167 best_epoch=185 seconds=5.3
[2026-07-21T05:18:35.078680+00:00] local_exp4 S1 fold=0 model=cardinal_fbc_compactdyn_scale025_extended seed=47
/home/user/Desktop/eegthingy_local_allmodels_20260721/.venv/lib/python3.12/site-packages/braindecode/modules/filter.py:168: UserWarning: Creating the filter banks equally divided in the interval 4Hz to 40Hz with almost equal bandwidths. If you want a specific interval, please specify 'band_filters' as a list of tuples.
  warn(
  BA=0.8500 best_epoch=184 seconds=5.3
[2026-07-21T05:18:40.426714+00:00] local_exp4 S3 fold=0 model=cardinal_fbc_compactdyn_scale025_extended seed=7
/home/user/Desktop/eegthingy_local_allmodels_20260721/.venv/lib/python3.12/site-packages/braindecode/modules/filter.py:168: UserWarning: Creating the filter banks equally divided in the interval 4Hz to 40Hz with almost equal bandwidths. If you want a specific interval, please specify 'band_filters' as a list of tuples.
  warn(
  BA=0.9333 best_epoch=37 seconds=1.4
[2026-07-21T05:18:41.860906+00:00] local_exp4 S3 fold=0 model=cardinal_fbc_compactdyn_scale025_extended seed=17
/home/user/Desktop/eegthingy_local_allmodels_20260721/.venv/lib/python3.12/site-packages/braindecode/modules/filter.py:168: UserWarning: Creating the filter banks equally divided in the interval 4Hz to 40Hz with almost equal bandwidths. If you want a specific interval, please specify 'band_filters' as a list of tuples.
  warn(
  BA=0.9333 best_epoch=45 seconds=1.6
[2026-07-21T05:18:43.495221+00:00] local_exp4 S3 fold=0 model=cardinal_fbc_compactdyn_scale025_extended seed=27
/home/user/Desktop/eegthingy_local_allmodels_20260721/.venv/lib/python3.12/site-packages/braindecode/modules/filter.py:168: UserWarning: Creating the filter banks equally divided in the interval 4Hz to 40Hz with almost equal bandwidths. If you want a specific interval, please specify 'band_filters' as a list of tuples.
  warn(
  BA=0.9167 best_epoch=51 seconds=1.8
[2026-07-21T05:18:45.406831+00:00] local_exp4 S3 fold=0 model=cardinal_fbc_compactdyn_scale025_extended seed=37
/home/user/Desktop/eegthingy_local_allmodels_20260721/.venv/lib/python3.12/site-packages/braindecode/modules/filter.py:168: UserWarning: Creating the filter banks equally divided in the interval 4Hz to 40Hz with almost equal bandwidths. If you want a specific interval, please specify 'band_filters' as a list of tuples.
  warn(
  BA=0.9500 best_epoch=40 seconds=1.5
[2026-07-21T05:18:46.924860+00:00] local_exp4 S3 fold=0 model=cardinal_fbc_compactdyn_scale025_extended seed=47
/home/user/Desktop/eegthingy_local_allmodels_20260721/.venv/lib/python3.12/site-packages/braindecode/modules/filter.py:168: UserWarning: Creating the filter banks equally divided in the interval 4Hz to 40Hz with almost equal bandwidths. If you want a specific interval, please specify 'band_filters' as a list of tuples.
  warn(
  BA=0.8667 best_epoch=29 seconds=1.3
[2026-07-21T05:18:48.210110+00:00] local_exp4 S4 fold=0 model=cardinal_fbc_compactdyn_scale025_extended seed=7
/home/user/Desktop/eegthingy_local_allmodels_20260721/.venv/lib/python3.12/site-packages/braindecode/modules/filter.py:168: UserWarning: Creating the filter banks equally divided in the interval 4Hz to 40Hz with almost equal bandwidths. If you want a specific interval, please specify 'band_filters' as a list of tuples.
  warn(
  BA=0.9333 best_epoch=38 seconds=1.5
[2026-07-21T05:18:49.743326+00:00] local_exp4 S4 fold=0 model=cardinal_fbc_compactdyn_scale025_extended seed=17
/home/user/Desktop/eegthingy_local_allmodels_20260721/.venv/lib/python3.12/site-packages/braindecode/modules/filter.py:168: UserWarning: Creating the filter banks equally divided in the interval 4Hz to 40Hz with almost equal bandwidths. If you want a specific interval, please specify 'band_filters' as a list of tuples.
  warn(
  BA=0.9167 best_epoch=30 seconds=1.3
[2026-07-21T05:18:51.065988+00:00] local_exp4 S4 fold=0 model=cardinal_fbc_compactdyn_scale025_extended seed=27
/home/user/Desktop/eegthingy_local_allmodels_20260721/.venv/lib/python3.12/site-packages/braindecode/modules/filter.py:168: UserWarning: Creating the filter banks equally divided in the interval 4Hz to 40Hz with almost equal bandwidths. If you want a specific interval, please specify 'band_filters' as a list of tuples.
  warn(
  BA=0.9500 best_epoch=38 seconds=1.5
[2026-07-21T05:18:52.588333+00:00] local_exp4 S4 fold=0 model=cardinal_fbc_compactdyn_scale025_extended seed=37
/home/user/Desktop/eegthingy_local_allmodels_20260721/.venv/lib/python3.12/site-packages/braindecode/modules/filter.py:168: UserWarning: Creating the filter banks equally divided in the interval 4Hz to 40Hz with almost equal bandwidths. If you want a specific interval, please specify 'band_filters' as a list of tuples.
  warn(
  BA=0.8667 best_epoch=62 seconds=2.1
[2026-07-21T05:18:54.756887+00:00] local_exp4 S4 fold=0 model=cardinal_fbc_compactdyn_scale025_extended seed=47
/home/user/Desktop/eegthingy_local_allmodels_20260721/.venv/lib/python3.12/site-packages/braindecode/modules/filter.py:168: UserWarning: Creating the filter banks equally divided in the interval 4Hz to 40Hz with almost equal bandwidths. If you want a specific interval, please specify 'band_filters' as a list of tuples.
  warn(
  BA=0.9167 best_epoch=38 seconds=1.5
[2026-07-21T05:18:56.284758+00:00] local_exp4 S5 fold=0 model=cardinal_fbc_compactdyn_scale025_extended seed=7
/home/user/Desktop/eegthingy_local_allmodels_20260721/.venv/lib/python3.12/site-packages/braindecode/modules/filter.py:168: UserWarning: Creating the filter banks equally divided in the interval 4Hz to 40Hz with almost equal bandwidths. If you want a specific interval, please specify 'band_filters' as a list of tuples.
  warn(
  BA=1.0000 best_epoch=30 seconds=1.3
[2026-07-21T05:18:57.588765+00:00] local_exp4 S5 fold=0 model=cardinal_fbc_compactdyn_scale025_extended seed=17
/home/user/Desktop/eegthingy_local_allmodels_20260721/.venv/lib/python3.12/site-packages/braindecode/modules/filter.py:168: UserWarning: Creating the filter banks equally divided in the interval 4Hz to 40Hz with almost equal bandwidths. If you want a specific interval, please specify 'band_filters' as a list of tuples.
  warn(
  BA=1.0000 best_epoch=47 seconds=1.7
[2026-07-21T05:18:59.399497+00:00] local_exp4 S5 fold=0 model=cardinal_fbc_compactdyn_scale025_extended seed=27
/home/user/Desktop/eegthingy_local_allmodels_20260721/.venv/lib/python3.12/site-packages/braindecode/modules/filter.py:168: UserWarning: Creating the filter banks equally divided in the interval 4Hz to 40Hz with almost equal bandwidths. If you want a specific interval, please specify 'band_filters' as a list of tuples.
  warn(
  BA=1.0000 best_epoch=87 seconds=2.8
[2026-07-21T05:19:02.265427+00:00] local_exp4 S5 fold=0 model=cardinal_fbc_compactdyn_scale025_extended seed=37
/home/user/Desktop/eegthingy_local_allmodels_20260721/.venv/lib/python3.12/site-packages/braindecode/modules/filter.py:168: UserWarning: Creating the filter banks equally divided in the interval 4Hz to 40Hz with almost equal bandwidths. If you want a specific interval, please specify 'band_filters' as a list of tuples.
  warn(
  BA=1.0000 best_epoch=67 seconds=2.3
[2026-07-21T05:19:04.573656+00:00] local_exp4 S5 fold=0 model=cardinal_fbc_compactdyn_scale025_extended seed=47
/home/user/Desktop/eegthingy_local_allmodels_20260721/.venv/lib/python3.12/site-packages/braindecode/modules/filter.py:168: UserWarning: Creating the filter banks equally divided in the interval 4Hz to 40Hz with almost equal bandwidths. If you want a specific interval, please specify 'band_filters' as a list of tuples.
  warn(
  BA=1.0000 best_epoch=111 seconds=3.4
[2026-07-21T05:19:08.041280+00:00] local_exp4 S6 fold=0 model=cardinal_fbc_compactdyn_scale025_extended seed=7
/home/user/Desktop/eegthingy_local_allmodels_20260721/.venv/lib/python3.12/site-packages/braindecode/modules/filter.py:168: UserWarning: Creating the filter banks equally divided in the interval 4Hz to 40Hz with almost equal bandwidths. If you want a specific interval, please specify 'band_filters' as a list of tuples.
  warn(
  BA=1.0000 best_epoch=189 seconds=5.1
[2026-07-21T05:19:13.190253+00:00] local_exp4 S6 fold=0 model=cardinal_fbc_compactdyn_scale025_extended seed=17
/home/user/Desktop/eegthingy_local_allmodels_20260721/.venv/lib/python3.12/site-packages/braindecode/modules/filter.py:168: UserWarning: Creating the filter banks equally divided in the interval 4Hz to 40Hz with almost equal bandwidths. If you want a specific interval, please specify 'band_filters' as a list of tuples.
  warn(
  BA=0.9833 best_epoch=47 seconds=1.7
[2026-07-21T05:19:14.881717+00:00] local_exp4 S6 fold=0 model=cardinal_fbc_compactdyn_scale025_extended seed=27
/home/user/Desktop/eegthingy_local_allmodels_20260721/.venv/lib/python3.12/site-packages/braindecode/modules/filter.py:168: UserWarning: Creating the filter banks equally divided in the interval 4Hz to 40Hz with almost equal bandwidths. If you want a specific interval, please specify 'band_filters' as a list of tuples.
  warn(
  BA=0.9833 best_epoch=128 seconds=3.8
[2026-07-21T05:19:18.698084+00:00] local_exp4 S6 fold=0 model=cardinal_fbc_compactdyn_scale025_extended seed=37
/home/user/Desktop/eegthingy_local_allmodels_20260721/.venv/lib/python3.12/site-packages/braindecode/modules/filter.py:168: UserWarning: Creating the filter banks equally divided in the interval 4Hz to 40Hz with almost equal bandwidths. If you want a specific interval, please specify 'band_filters' as a list of tuples.
  warn(
  BA=1.0000 best_epoch=97 seconds=3.0
[2026-07-21T05:19:21.705956+00:00] local_exp4 S6 fold=0 model=cardinal_fbc_compactdyn_scale025_extended seed=47
/home/user/Desktop/eegthingy_local_allmodels_20260721/.venv/lib/python3.12/site-packages/braindecode/modules/filter.py:168: UserWarning: Creating the filter banks equally divided in the interval 4Hz to 40Hz with almost equal bandwidths. If you want a specific interval, please specify 'band_filters' as a list of tuples.
  warn(
  BA=0.9833 best_epoch=93 seconds=2.9
[2026-07-21T05:19:24.615578+00:00] local_exp4 S7 fold=0 model=cardinal_fbc_compactdyn_scale025_extended seed=7
/home/user/Desktop/eegthingy_local_allmodels_20260721/.venv/lib/python3.12/site-packages/braindecode/modules/filter.py:168: UserWarning: Creating the filter banks equally divided in the interval 4Hz to 40Hz with almost equal bandwidths. If you want a specific interval, please specify 'band_filters' as a list of tuples.
  warn(
  BA=0.7667 best_epoch=75 seconds=2.4
[2026-07-21T05:19:27.033986+00:00] local_exp4 S7 fold=0 model=cardinal_fbc_compactdyn_scale025_extended seed=17
/home/user/Desktop/eegthingy_local_allmodels_20260721/.venv/lib/python3.12/site-packages/braindecode/modules/filter.py:168: UserWarning: Creating the filter banks equally divided in the interval 4Hz to 40Hz with almost equal bandwidths. If you want a specific interval, please specify 'band_filters' as a list of tuples.
  warn(
  BA=0.7833 best_epoch=102 seconds=3.1
[2026-07-21T05:19:30.172735+00:00] local_exp4 S7 fold=0 model=cardinal_fbc_compactdyn_scale025_extended seed=27
/home/user/Desktop/eegthingy_local_allmodels_20260721/.venv/lib/python3.12/site-packages/braindecode/modules/filter.py:168: UserWarning: Creating the filter banks equally divided in the interval 4Hz to 40Hz with almost equal bandwidths. If you want a specific interval, please specify 'band_filters' as a list of tuples.
  warn(
  BA=0.7833 best_epoch=110 seconds=3.3
[2026-07-21T05:19:33.544683+00:00] local_exp4 S7 fold=0 model=cardinal_fbc_compactdyn_scale025_extended seed=37
/home/user/Desktop/eegthingy_local_allmodels_20260721/.venv/lib/python3.12/site-packages/braindecode/modules/filter.py:168: UserWarning: Creating the filter banks equally divided in the interval 4Hz to 40Hz with almost equal bandwidths. If you want a specific interval, please specify 'band_filters' as a list of tuples.
  warn(
  BA=0.7333 best_epoch=80 seconds=2.5
[2026-07-21T05:19:36.100886+00:00] local_exp4 S7 fold=0 model=cardinal_fbc_compactdyn_scale025_extended seed=47
/home/user/Desktop/eegthingy_local_allmodels_20260721/.venv/lib/python3.12/site-packages/braindecode/modules/filter.py:168: UserWarning: Creating the filter banks equally divided in the interval 4Hz to 40Hz with almost equal bandwidths. If you want a specific interval, please specify 'band_filters' as a list of tuples.
  warn(
  BA=0.7167 best_epoch=94 seconds=2.9
[2026-07-21T05:19:39.042822+00:00] local_exp4 S8 fold=0 model=cardinal_fbc_compactdyn_scale025_extended seed=7
/home/user/Desktop/eegthingy_local_allmodels_20260721/.venv/lib/python3.12/site-packages/braindecode/modules/filter.py:168: UserWarning: Creating the filter banks equally divided in the interval 4Hz to 40Hz with almost equal bandwidths. If you want a specific interval, please specify 'band_filters' as a list of tuples.
  warn(
  BA=0.9333 best_epoch=161 seconds=4.7
[2026-07-21T05:19:43.733602+00:00] local_exp4 S8 fold=0 model=cardinal_fbc_compactdyn_scale025_extended seed=17
/home/user/Desktop/eegthingy_local_allmodels_20260721/.venv/lib/python3.12/site-packages/braindecode/modules/filter.py:168: UserWarning: Creating the filter banks equally divided in the interval 4Hz to 40Hz with almost equal bandwidths. If you want a specific interval, please specify 'band_filters' as a list of tuples.
  warn(
  BA=0.9333 best_epoch=102 seconds=3.1
[2026-07-21T05:19:46.888524+00:00] local_exp4 S8 fold=0 model=cardinal_fbc_compactdyn_scale025_extended seed=27
/home/user/Desktop/eegthingy_local_allmodels_20260721/.venv/lib/python3.12/site-packages/braindecode/modules/filter.py:168: UserWarning: Creating the filter banks equally divided in the interval 4Hz to 40Hz with almost equal bandwidths. If you want a specific interval, please specify 'band_filters' as a list of tuples.
  warn(
  BA=0.9167 best_epoch=116 seconds=3.5
[2026-07-21T05:19:50.403582+00:00] local_exp4 S8 fold=0 model=cardinal_fbc_compactdyn_scale025_extended seed=37
/home/user/Desktop/eegthingy_local_allmodels_20260721/.venv/lib/python3.12/site-packages/braindecode/modules/filter.py:168: UserWarning: Creating the filter banks equally divided in the interval 4Hz to 40Hz with almost equal bandwidths. If you want a specific interval, please specify 'band_filters' as a list of tuples.
  warn(
  BA=0.9333 best_epoch=131 seconds=3.9
[2026-07-21T05:19:54.297316+00:00] local_exp4 S8 fold=0 model=cardinal_fbc_compactdyn_scale025_extended seed=47
/home/user/Desktop/eegthingy_local_allmodels_20260721/.venv/lib/python3.12/site-packages/braindecode/modules/filter.py:168: UserWarning: Creating the filter banks equally divided in the interval 4Hz to 40Hz with almost equal bandwidths. If you want a specific interval, please specify 'band_filters' as a list of tuples.
  warn(
  BA=0.9167 best_epoch=133 seconds=3.9
[2026-07-21T05:19:58.275349+00:00] local_exp4 S10 fold=0 model=cardinal_fbc_compactdyn_scale025_extended seed=7
/home/user/Desktop/eegthingy_local_allmodels_20260721/.venv/lib/python3.12/site-packages/braindecode/modules/filter.py:168: UserWarning: Creating the filter banks equally divided in the interval 4Hz to 40Hz with almost equal bandwidths. If you want a specific interval, please specify 'band_filters' as a list of tuples.
  warn(
  BA=0.9667 best_epoch=69 seconds=2.2
[2026-07-21T05:20:00.543775+00:00] local_exp4 S10 fold=0 model=cardinal_fbc_compactdyn_scale025_extended seed=17
/home/user/Desktop/eegthingy_local_allmodels_20260721/.venv/lib/python3.12/site-packages/braindecode/modules/filter.py:168: UserWarning: Creating the filter banks equally divided in the interval 4Hz to 40Hz with almost equal bandwidths. If you want a specific interval, please specify 'band_filters' as a list of tuples.
  warn(
  BA=0.9333 best_epoch=101 seconds=3.1
[2026-07-21T05:20:03.649799+00:00] local_exp4 S10 fold=0 model=cardinal_fbc_compactdyn_scale025_extended seed=27
/home/user/Desktop/eegthingy_local_allmodels_20260721/.venv/lib/python3.12/site-packages/braindecode/modules/filter.py:168: UserWarning: Creating the filter banks equally divided in the interval 4Hz to 40Hz with almost equal bandwidths. If you want a specific interval, please specify 'band_filters' as a list of tuples.
  warn(
  BA=0.9667 best_epoch=63 seconds=2.1
[2026-07-21T05:20:05.764039+00:00] local_exp4 S10 fold=0 model=cardinal_fbc_compactdyn_scale025_extended seed=37
/home/user/Desktop/eegthingy_local_allmodels_20260721/.venv/lib/python3.12/site-packages/braindecode/modules/filter.py:168: UserWarning: Creating the filter banks equally divided in the interval 4Hz to 40Hz with almost equal bandwidths. If you want a specific interval, please specify 'band_filters' as a list of tuples.
  warn(
  BA=0.9500 best_epoch=62 seconds=2.0
[2026-07-21T05:20:07.832708+00:00] local_exp4 S10 fold=0 model=cardinal_fbc_compactdyn_scale025_extended seed=47
/home/user/Desktop/eegthingy_local_allmodels_20260721/.venv/lib/python3.12/site-packages/braindecode/modules/filter.py:168: UserWarning: Creating the filter banks equally divided in the interval 4Hz to 40Hz with almost equal bandwidths. If you want a specific interval, please specify 'band_filters' as a list of tuples.
  warn(
  BA=0.9500 best_epoch=49 seconds=1.7
wrote /home/user/Desktop/eegthingy_local_allmodels_20260721/results/local_all_43_formal_v1/artifacts/cardinal_fbc_compactdyn_scale025_extended.json
