[2026-07-21T05:25:01.011190+00:00] local_exp4 S1 fold=0 model=cardinal_fbc_physical seed=7
/home/user/Desktop/eegthingy_local_allmodels_20260721/.venv/lib/python3.12/site-packages/braindecode/modules/filter.py:168: UserWarning: Creating the filter banks equally divided in the interval 4Hz to 40Hz with almost equal bandwidths. If you want a specific interval, please specify 'band_filters' as a list of tuples.
  warn(
  BA=0.7667 best_epoch=75 seconds=3.2
[2026-07-21T05:25:05.303449+00:00] local_exp4 S1 fold=0 model=cardinal_fbc_physical seed=17
/home/user/Desktop/eegthingy_local_allmodels_20260721/.venv/lib/python3.12/site-packages/braindecode/modules/filter.py:168: UserWarning: Creating the filter banks equally divided in the interval 4Hz to 40Hz with almost equal bandwidths. If you want a specific interval, please specify 'band_filters' as a list of tuples.
  warn(
  BA=0.7833 best_epoch=154 seconds=5.4
[2026-07-21T05:25:10.740756+00:00] local_exp4 S1 fold=0 model=cardinal_fbc_physical seed=27
/home/user/Desktop/eegthingy_local_allmodels_20260721/.venv/lib/python3.12/site-packages/braindecode/modules/filter.py:168: UserWarning: Creating the filter banks equally divided in the interval 4Hz to 40Hz with almost equal bandwidths. If you want a specific interval, please specify 'band_filters' as a list of tuples.
  warn(
  BA=0.7333 best_epoch=76 seconds=2.8
[2026-07-21T05:25:13.600725+00:00] local_exp4 S1 fold=0 model=cardinal_fbc_physical seed=37
/home/user/Desktop/eegthingy_local_allmodels_20260721/.venv/lib/python3.12/site-packages/braindecode/modules/filter.py:168: UserWarning: Creating the filter banks equally divided in the interval 4Hz to 40Hz with almost equal bandwidths. If you want a specific interval, please specify 'band_filters' as a list of tuples.
  warn(
  BA=0.7833 best_epoch=196 seconds=6.0
[2026-07-21T05:25:19.649237+00:00] local_exp4 S1 fold=0 model=cardinal_fbc_physical seed=47
/home/user/Desktop/eegthingy_local_allmodels_20260721/.venv/lib/python3.12/site-packages/braindecode/modules/filter.py:168: UserWarning: Creating the filter banks equally divided in the interval 4Hz to 40Hz with almost equal bandwidths. If you want a specific interval, please specify 'band_filters' as a list of tuples.
  warn(
  BA=0.7833 best_epoch=103 seconds=3.7
[2026-07-21T05:25:23.344997+00:00] local_exp4 S3 fold=0 model=cardinal_fbc_physical seed=7
/home/user/Desktop/eegthingy_local_allmodels_20260721/.venv/lib/python3.12/site-packages/braindecode/modules/filter.py:168: UserWarning: Creating the filter banks equally divided in the interval 4Hz to 40Hz with almost equal bandwidths. If you want a specific interval, please specify 'band_filters' as a list of tuples.
  warn(
  BA=0.9500 best_epoch=65 seconds=2.5
[2026-07-21T05:25:25.857560+00:00] local_exp4 S3 fold=0 model=cardinal_fbc_physical seed=17
/home/user/Desktop/eegthingy_local_allmodels_20260721/.venv/lib/python3.12/site-packages/braindecode/modules/filter.py:168: UserWarning: Creating the filter banks equally divided in the interval 4Hz to 40Hz with almost equal bandwidths. If you want a specific interval, please specify 'band_filters' as a list of tuples.
  warn(
  BA=0.9333 best_epoch=30 seconds=1.4
[2026-07-21T05:25:27.308492+00:00] local_exp4 S3 fold=0 model=cardinal_fbc_physical seed=27
/home/user/Desktop/eegthingy_local_allmodels_20260721/.venv/lib/python3.12/site-packages/braindecode/modules/filter.py:168: UserWarning: Creating the filter banks equally divided in the interval 4Hz to 40Hz with almost equal bandwidths. If you want a specific interval, please specify 'band_filters' as a list of tuples.
  warn(
  BA=0.9167 best_epoch=62 seconds=2.5
[2026-07-21T05:25:29.821123+00:00] local_exp4 S3 fold=0 model=cardinal_fbc_physical seed=37
/home/user/Desktop/eegthingy_local_allmodels_20260721/.venv/lib/python3.12/site-packages/braindecode/modules/filter.py:168: UserWarning: Creating the filter banks equally divided in the interval 4Hz to 40Hz with almost equal bandwidths. If you want a specific interval, please specify 'band_filters' as a list of tuples.
  warn(
  BA=0.9333 best_epoch=30 seconds=1.4
[2026-07-21T05:25:31.261485+00:00] local_exp4 S3 fold=0 model=cardinal_fbc_physical seed=47
/home/user/Desktop/eegthingy_local_allmodels_20260721/.venv/lib/python3.12/site-packages/braindecode/modules/filter.py:168: UserWarning: Creating the filter banks equally divided in the interval 4Hz to 40Hz with almost equal bandwidths. If you want a specific interval, please specify 'band_filters' as a list of tuples.
  warn(
  BA=0.9333 best_epoch=117 seconds=4.1
[2026-07-21T05:25:35.388717+00:00] local_exp4 S4 fold=0 model=cardinal_fbc_physical seed=7
/home/user/Desktop/eegthingy_local_allmodels_20260721/.venv/lib/python3.12/site-packages/braindecode/modules/filter.py:168: UserWarning: Creating the filter banks equally divided in the interval 4Hz to 40Hz with almost equal bandwidths. If you want a specific interval, please specify 'band_filters' as a list of tuples.
  warn(
  BA=0.9167 best_epoch=85 seconds=3.1
[2026-07-21T05:25:38.508426+00:00] local_exp4 S4 fold=0 model=cardinal_fbc_physical seed=17
/home/user/Desktop/eegthingy_local_allmodels_20260721/.venv/lib/python3.12/site-packages/braindecode/modules/filter.py:168: UserWarning: Creating the filter banks equally divided in the interval 4Hz to 40Hz with almost equal bandwidths. If you want a specific interval, please specify 'band_filters' as a list of tuples.
  warn(
  BA=0.9333 best_epoch=44 seconds=1.9
[2026-07-21T05:25:40.390213+00:00] local_exp4 S4 fold=0 model=cardinal_fbc_physical seed=27
/home/user/Desktop/eegthingy_local_allmodels_20260721/.venv/lib/python3.12/site-packages/braindecode/modules/filter.py:168: UserWarning: Creating the filter banks equally divided in the interval 4Hz to 40Hz with almost equal bandwidths. If you want a specific interval, please specify 'band_filters' as a list of tuples.
  warn(
  BA=0.9333 best_epoch=66 seconds=2.7
[2026-07-21T05:25:43.073295+00:00] local_exp4 S4 fold=0 model=cardinal_fbc_physical seed=37
/home/user/Desktop/eegthingy_local_allmodels_20260721/.venv/lib/python3.12/site-packages/braindecode/modules/filter.py:168: UserWarning: Creating the filter banks equally divided in the interval 4Hz to 40Hz with almost equal bandwidths. If you want a specific interval, please specify 'band_filters' as a list of tuples.
  warn(
  BA=0.9167 best_epoch=76 seconds=3.0
[2026-07-21T05:25:46.076944+00:00] local_exp4 S4 fold=0 model=cardinal_fbc_physical seed=47
/home/user/Desktop/eegthingy_local_allmodels_20260721/.venv/lib/python3.12/site-packages/braindecode/modules/filter.py:168: UserWarning: Creating the filter banks equally divided in the interval 4Hz to 40Hz with almost equal bandwidths. If you want a specific interval, please specify 'band_filters' as a list of tuples.
  warn(
  BA=0.9333 best_epoch=84 seconds=3.3
[2026-07-21T05:25:49.359248+00:00] local_exp4 S5 fold=0 model=cardinal_fbc_physical seed=7
/home/user/Desktop/eegthingy_local_allmodels_20260721/.venv/lib/python3.12/site-packages/braindecode/modules/filter.py:168: UserWarning: Creating the filter banks equally divided in the interval 4Hz to 40Hz with almost equal bandwidths. If you want a specific interval, please specify 'band_filters' as a list of tuples.
  warn(
  BA=0.9500 best_epoch=79 seconds=3.1
[2026-07-21T05:25:52.453033+00:00] local_exp4 S5 fold=0 model=cardinal_fbc_physical seed=17
/home/user/Desktop/eegthingy_local_allmodels_20260721/.venv/lib/python3.12/site-packages/braindecode/modules/filter.py:168: UserWarning: Creating the filter banks equally divided in the interval 4Hz to 40Hz with almost equal bandwidths. If you want a specific interval, please specify 'band_filters' as a list of tuples.
  warn(
  BA=1.0000 best_epoch=91 seconds=3.5
[2026-07-21T05:25:55.969990+00:00] local_exp4 S5 fold=0 model=cardinal_fbc_physical seed=27
/home/user/Desktop/eegthingy_local_allmodels_20260721/.venv/lib/python3.12/site-packages/braindecode/modules/filter.py:168: UserWarning: Creating the filter banks equally divided in the interval 4Hz to 40Hz with almost equal bandwidths. If you want a specific interval, please specify 'band_filters' as a list of tuples.
  warn(
  BA=1.0000 best_epoch=71 seconds=2.8
[2026-07-21T05:25:58.814300+00:00] local_exp4 S5 fold=0 model=cardinal_fbc_physical seed=37
/home/user/Desktop/eegthingy_local_allmodels_20260721/.venv/lib/python3.12/site-packages/braindecode/modules/filter.py:168: UserWarning: Creating the filter banks equally divided in the interval 4Hz to 40Hz with almost equal bandwidths. If you want a specific interval, please specify 'band_filters' as a list of tuples.
  warn(
  BA=0.9667 best_epoch=63 seconds=2.6
[2026-07-21T05:26:01.411867+00:00] local_exp4 S5 fold=0 model=cardinal_fbc_physical seed=47
/home/user/Desktop/eegthingy_local_allmodels_20260721/.venv/lib/python3.12/site-packages/braindecode/modules/filter.py:168: UserWarning: Creating the filter banks equally divided in the interval 4Hz to 40Hz with almost equal bandwidths. If you want a specific interval, please specify 'band_filters' as a list of tuples.
  warn(
  BA=0.9833 best_epoch=71 seconds=2.8
[2026-07-21T05:26:04.283674+00:00] local_exp4 S6 fold=0 model=cardinal_fbc_physical seed=7
/home/user/Desktop/eegthingy_local_allmodels_20260721/.venv/lib/python3.12/site-packages/braindecode/modules/filter.py:168: UserWarning: Creating the filter banks equally divided in the interval 4Hz to 40Hz with almost equal bandwidths. If you want a specific interval, please specify 'band_filters' as a list of tuples.
  warn(
  BA=0.9667 best_epoch=121 seconds=4.4
[2026-07-21T05:26:08.778092+00:00] local_exp4 S6 fold=0 model=cardinal_fbc_physical seed=17
/home/user/Desktop/eegthingy_local_allmodels_20260721/.venv/lib/python3.12/site-packages/braindecode/modules/filter.py:168: UserWarning: Creating the filter banks equally divided in the interval 4Hz to 40Hz with almost equal bandwidths. If you want a specific interval, please specify 'band_filters' as a list of tuples.
  warn(
  BA=0.9833 best_epoch=160 seconds=5.7
[2026-07-21T05:26:14.648378+00:00] local_exp4 S6 fold=0 model=cardinal_fbc_physical seed=27
/home/user/Desktop/eegthingy_local_allmodels_20260721/.venv/lib/python3.12/site-packages/braindecode/modules/filter.py:168: UserWarning: Creating the filter banks equally divided in the interval 4Hz to 40Hz with almost equal bandwidths. If you want a specific interval, please specify 'band_filters' as a list of tuples.
  warn(
  BA=0.9833 best_epoch=153 seconds=5.5
[2026-07-21T05:26:20.154987+00:00] local_exp4 S6 fold=0 model=cardinal_fbc_physical seed=37
/home/user/Desktop/eegthingy_local_allmodels_20260721/.venv/lib/python3.12/site-packages/braindecode/modules/filter.py:168: UserWarning: Creating the filter banks equally divided in the interval 4Hz to 40Hz with almost equal bandwidths. If you want a specific interval, please specify 'band_filters' as a list of tuples.
  warn(
  BA=1.0000 best_epoch=125 seconds=4.5
[2026-07-21T05:26:24.748166+00:00] local_exp4 S6 fold=0 model=cardinal_fbc_physical seed=47
/home/user/Desktop/eegthingy_local_allmodels_20260721/.venv/lib/python3.12/site-packages/braindecode/modules/filter.py:168: UserWarning: Creating the filter banks equally divided in the interval 4Hz to 40Hz with almost equal bandwidths. If you want a specific interval, please specify 'band_filters' as a list of tuples.
  warn(
  BA=0.9667 best_epoch=156 seconds=5.6
[2026-07-21T05:26:30.368236+00:00] local_exp4 S7 fold=0 model=cardinal_fbc_physical seed=7
/home/user/Desktop/eegthingy_local_allmodels_20260721/.venv/lib/python3.12/site-packages/braindecode/modules/filter.py:168: UserWarning: Creating the filter banks equally divided in the interval 4Hz to 40Hz with almost equal bandwidths. If you want a specific interval, please specify 'band_filters' as a list of tuples.
  warn(
  BA=0.7000 best_epoch=121 seconds=4.4
[2026-07-21T05:26:34.839568+00:00] local_exp4 S7 fold=0 model=cardinal_fbc_physical seed=17
/home/user/Desktop/eegthingy_local_allmodels_20260721/.venv/lib/python3.12/site-packages/braindecode/modules/filter.py:168: UserWarning: Creating the filter banks equally divided in the interval 4Hz to 40Hz with almost equal bandwidths. If you want a specific interval, please specify 'band_filters' as a list of tuples.
  warn(
  BA=0.7333 best_epoch=129 seconds=4.7
[2026-07-21T05:26:39.606548+00:00] local_exp4 S7 fold=0 model=cardinal_fbc_physical seed=27
/home/user/Desktop/eegthingy_local_allmodels_20260721/.venv/lib/python3.12/site-packages/braindecode/modules/filter.py:168: UserWarning: Creating the filter banks equally divided in the interval 4Hz to 40Hz with almost equal bandwidths. If you want a specific interval, please specify 'band_filters' as a list of tuples.
  warn(
  BA=0.6833 best_epoch=135 seconds=4.9
[2026-07-21T05:26:44.534161+00:00] local_exp4 S7 fold=0 model=cardinal_fbc_physical seed=37
/home/user/Desktop/eegthingy_local_allmodels_20260721/.venv/lib/python3.12/site-packages/braindecode/modules/filter.py:168: UserWarning: Creating the filter banks equally divided in the interval 4Hz to 40Hz with almost equal bandwidths. If you want a specific interval, please specify 'band_filters' as a list of tuples.
  warn(
  BA=0.7833 best_epoch=178 seconds=6.1
[2026-07-21T05:26:50.640427+00:00] local_exp4 S7 fold=0 model=cardinal_fbc_physical seed=47
/home/user/Desktop/eegthingy_local_allmodels_20260721/.venv/lib/python3.12/site-packages/braindecode/modules/filter.py:168: UserWarning: Creating the filter banks equally divided in the interval 4Hz to 40Hz with almost equal bandwidths. If you want a specific interval, please specify 'band_filters' as a list of tuples.
  warn(
  BA=0.7500 best_epoch=92 seconds=3.5
[2026-07-21T05:26:54.221551+00:00] local_exp4 S8 fold=0 model=cardinal_fbc_physical seed=7
/home/user/Desktop/eegthingy_local_allmodels_20260721/.venv/lib/python3.12/site-packages/braindecode/modules/filter.py:168: UserWarning: Creating the filter banks equally divided in the interval 4Hz to 40Hz with almost equal bandwidths. If you want a specific interval, please specify 'band_filters' as a list of tuples.
  warn(
  BA=0.9000 best_epoch=141 seconds=5.1
[2026-07-21T05:26:59.383345+00:00] local_exp4 S8 fold=0 model=cardinal_fbc_physical seed=17
/home/user/Desktop/eegthingy_local_allmodels_20260721/.venv/lib/python3.12/site-packages/braindecode/modules/filter.py:168: UserWarning: Creating the filter banks equally divided in the interval 4Hz to 40Hz with almost equal bandwidths. If you want a specific interval, please specify 'band_filters' as a list of tuples.
  warn(
  BA=0.8667 best_epoch=138 seconds=5.0
[2026-07-21T05:27:04.450969+00:00] local_exp4 S8 fold=0 model=cardinal_fbc_physical seed=27
/home/user/Desktop/eegthingy_local_allmodels_20260721/.venv/lib/python3.12/site-packages/braindecode/modules/filter.py:168: UserWarning: Creating the filter banks equally divided in the interval 4Hz to 40Hz with almost equal bandwidths. If you want a specific interval, please specify 'band_filters' as a list of tuples.
  warn(
  BA=0.9167 best_epoch=198 seconds=6.5
[2026-07-21T05:27:10.995414+00:00] local_exp4 S8 fold=0 model=cardinal_fbc_physical seed=37
/home/user/Desktop/eegthingy_local_allmodels_20260721/.venv/lib/python3.12/site-packages/braindecode/modules/filter.py:168: UserWarning: Creating the filter banks equally divided in the interval 4Hz to 40Hz with almost equal bandwidths. If you want a specific interval, please specify 'band_filters' as a list of tuples.
  warn(
  BA=0.8667 best_epoch=127 seconds=4.6
[2026-07-21T05:27:15.656856+00:00] local_exp4 S8 fold=0 model=cardinal_fbc_physical seed=47
/home/user/Desktop/eegthingy_local_allmodels_20260721/.venv/lib/python3.12/site-packages/braindecode/modules/filter.py:168: UserWarning: Creating the filter banks equally divided in the interval 4Hz to 40Hz with almost equal bandwidths. If you want a specific interval, please specify 'band_filters' as a list of tuples.
  warn(
  BA=0.8667 best_epoch=150 seconds=5.4
[2026-07-21T05:27:21.099194+00:00] local_exp4 S10 fold=0 model=cardinal_fbc_physical seed=7
/home/user/Desktop/eegthingy_local_allmodels_20260721/.venv/lib/python3.12/site-packages/braindecode/modules/filter.py:168: UserWarning: Creating the filter banks equally divided in the interval 4Hz to 40Hz with almost equal bandwidths. If you want a specific interval, please specify 'band_filters' as a list of tuples.
  warn(
  BA=0.9667 best_epoch=193 seconds=6.4
[2026-07-21T05:27:27.549568+00:00] local_exp4 S10 fold=0 model=cardinal_fbc_physical seed=17
/home/user/Desktop/eegthingy_local_allmodels_20260721/.venv/lib/python3.12/site-packages/braindecode/modules/filter.py:168: UserWarning: Creating the filter banks equally divided in the interval 4Hz to 40Hz with almost equal bandwidths. If you want a specific interval, please specify 'band_filters' as a list of tuples.
  warn(
  BA=0.9000 best_epoch=132 seconds=4.8
[2026-07-21T05:27:32.407111+00:00] local_exp4 S10 fold=0 model=cardinal_fbc_physical seed=27
/home/user/Desktop/eegthingy_local_allmodels_20260721/.venv/lib/python3.12/site-packages/braindecode/modules/filter.py:168: UserWarning: Creating the filter banks equally divided in the interval 4Hz to 40Hz with almost equal bandwidths. If you want a specific interval, please specify 'band_filters' as a list of tuples.
  warn(
  BA=0.9167 best_epoch=114 seconds=4.2
[2026-07-21T05:27:36.600209+00:00] local_exp4 S10 fold=0 model=cardinal_fbc_physical seed=37
/home/user/Desktop/eegthingy_local_allmodels_20260721/.venv/lib/python3.12/site-packages/braindecode/modules/filter.py:168: UserWarning: Creating the filter banks equally divided in the interval 4Hz to 40Hz with almost equal bandwidths. If you want a specific interval, please specify 'band_filters' as a list of tuples.
  warn(
  BA=0.9167 best_epoch=121 seconds=4.2
[2026-07-21T05:27:40.825126+00:00] local_exp4 S10 fold=0 model=cardinal_fbc_physical seed=47
/home/user/Desktop/eegthingy_local_allmodels_20260721/.venv/lib/python3.12/site-packages/braindecode/modules/filter.py:168: UserWarning: Creating the filter banks equally divided in the interval 4Hz to 40Hz with almost equal bandwidths. If you want a specific interval, please specify 'band_filters' as a list of tuples.
  warn(
  BA=0.9333 best_epoch=144 seconds=5.2
wrote /home/user/Desktop/eegthingy_local_allmodels_20260721/results/local_all_43_formal_v1/artifacts/cardinal_fbc_physical.json
