[2026-07-21T05:11:33.155373+00:00] local_exp4 S1 fold=0 model=cardinal_fbc_compactdyn_scale010 seed=7
/home/user/Desktop/eegthingy_local_allmodels_20260721/.venv/lib/python3.12/site-packages/braindecode/modules/filter.py:168: UserWarning: Creating the filter banks equally divided in the interval 4Hz to 40Hz with almost equal bandwidths. If you want a specific interval, please specify 'band_filters' as a list of tuples.
  warn(
  BA=0.7333 best_epoch=76 seconds=2.9
[2026-07-21T05:11:37.211952+00:00] local_exp4 S1 fold=0 model=cardinal_fbc_compactdyn_scale010 seed=17
/home/user/Desktop/eegthingy_local_allmodels_20260721/.venv/lib/python3.12/site-packages/braindecode/modules/filter.py:168: UserWarning: Creating the filter banks equally divided in the interval 4Hz to 40Hz with almost equal bandwidths. If you want a specific interval, please specify 'band_filters' as a list of tuples.
  warn(
  BA=0.7833 best_epoch=153 seconds=4.7
[2026-07-21T05:11:41.940907+00:00] local_exp4 S1 fold=0 model=cardinal_fbc_compactdyn_scale010 seed=27
/home/user/Desktop/eegthingy_local_allmodels_20260721/.venv/lib/python3.12/site-packages/braindecode/modules/filter.py:168: UserWarning: Creating the filter banks equally divided in the interval 4Hz to 40Hz with almost equal bandwidths. If you want a specific interval, please specify 'band_filters' as a list of tuples.
  warn(
  BA=0.7667 best_epoch=76 seconds=2.5
[2026-07-21T05:11:44.520807+00:00] local_exp4 S1 fold=0 model=cardinal_fbc_compactdyn_scale010 seed=37
/home/user/Desktop/eegthingy_local_allmodels_20260721/.venv/lib/python3.12/site-packages/braindecode/modules/filter.py:168: UserWarning: Creating the filter banks equally divided in the interval 4Hz to 40Hz with almost equal bandwidths. If you want a specific interval, please specify 'band_filters' as a list of tuples.
  warn(
  BA=0.7833 best_epoch=196 seconds=5.3
[2026-07-21T05:11:49.815712+00:00] local_exp4 S1 fold=0 model=cardinal_fbc_compactdyn_scale010 seed=47
/home/user/Desktop/eegthingy_local_allmodels_20260721/.venv/lib/python3.12/site-packages/braindecode/modules/filter.py:168: UserWarning: Creating the filter banks equally divided in the interval 4Hz to 40Hz with almost equal bandwidths. If you want a specific interval, please specify 'band_filters' as a list of tuples.
  warn(
  BA=0.7667 best_epoch=103 seconds=3.1
[2026-07-21T05:11:52.975863+00:00] local_exp4 S3 fold=0 model=cardinal_fbc_compactdyn_scale010 seed=7
/home/user/Desktop/eegthingy_local_allmodels_20260721/.venv/lib/python3.12/site-packages/braindecode/modules/filter.py:168: UserWarning: Creating the filter banks equally divided in the interval 4Hz to 40Hz with almost equal bandwidths. If you want a specific interval, please specify 'band_filters' as a list of tuples.
  warn(
  BA=0.9333 best_epoch=65 seconds=2.1
[2026-07-21T05:11:55.124261+00:00] local_exp4 S3 fold=0 model=cardinal_fbc_compactdyn_scale010 seed=17
/home/user/Desktop/eegthingy_local_allmodels_20260721/.venv/lib/python3.12/site-packages/braindecode/modules/filter.py:168: UserWarning: Creating the filter banks equally divided in the interval 4Hz to 40Hz with almost equal bandwidths. If you want a specific interval, please specify 'band_filters' as a list of tuples.
  warn(
  BA=0.9167 best_epoch=30 seconds=1.2
[2026-07-21T05:11:56.368691+00:00] local_exp4 S3 fold=0 model=cardinal_fbc_compactdyn_scale010 seed=27
/home/user/Desktop/eegthingy_local_allmodels_20260721/.venv/lib/python3.12/site-packages/braindecode/modules/filter.py:168: UserWarning: Creating the filter banks equally divided in the interval 4Hz to 40Hz with almost equal bandwidths. If you want a specific interval, please specify 'band_filters' as a list of tuples.
  warn(
  BA=0.9167 best_epoch=62 seconds=2.2
[2026-07-21T05:11:58.561188+00:00] local_exp4 S3 fold=0 model=cardinal_fbc_compactdyn_scale010 seed=37
/home/user/Desktop/eegthingy_local_allmodels_20260721/.venv/lib/python3.12/site-packages/braindecode/modules/filter.py:168: UserWarning: Creating the filter banks equally divided in the interval 4Hz to 40Hz with almost equal bandwidths. If you want a specific interval, please specify 'band_filters' as a list of tuples.
  warn(
  BA=0.9333 best_epoch=53 seconds=1.8
[2026-07-21T05:12:00.390700+00:00] local_exp4 S3 fold=0 model=cardinal_fbc_compactdyn_scale010 seed=47
/home/user/Desktop/eegthingy_local_allmodels_20260721/.venv/lib/python3.12/site-packages/braindecode/modules/filter.py:168: UserWarning: Creating the filter banks equally divided in the interval 4Hz to 40Hz with almost equal bandwidths. If you want a specific interval, please specify 'band_filters' as a list of tuples.
  warn(
  BA=0.9333 best_epoch=49 seconds=1.7
[2026-07-21T05:12:02.132924+00:00] local_exp4 S4 fold=0 model=cardinal_fbc_compactdyn_scale010 seed=7
/home/user/Desktop/eegthingy_local_allmodels_20260721/.venv/lib/python3.12/site-packages/braindecode/modules/filter.py:168: UserWarning: Creating the filter banks equally divided in the interval 4Hz to 40Hz with almost equal bandwidths. If you want a specific interval, please specify 'band_filters' as a list of tuples.
  warn(
  BA=0.9333 best_epoch=85 seconds=2.6
[2026-07-21T05:12:04.798078+00:00] local_exp4 S4 fold=0 model=cardinal_fbc_compactdyn_scale010 seed=17
/home/user/Desktop/eegthingy_local_allmodels_20260721/.venv/lib/python3.12/site-packages/braindecode/modules/filter.py:168: UserWarning: Creating the filter banks equally divided in the interval 4Hz to 40Hz with almost equal bandwidths. If you want a specific interval, please specify 'band_filters' as a list of tuples.
  warn(
  BA=0.9167 best_epoch=44 seconds=1.6
[2026-07-21T05:12:06.414526+00:00] local_exp4 S4 fold=0 model=cardinal_fbc_compactdyn_scale010 seed=27
/home/user/Desktop/eegthingy_local_allmodels_20260721/.venv/lib/python3.12/site-packages/braindecode/modules/filter.py:168: UserWarning: Creating the filter banks equally divided in the interval 4Hz to 40Hz with almost equal bandwidths. If you want a specific interval, please specify 'band_filters' as a list of tuples.
  warn(
  BA=0.9333 best_epoch=67 seconds=2.2
[2026-07-21T05:12:08.619643+00:00] local_exp4 S4 fold=0 model=cardinal_fbc_compactdyn_scale010 seed=37
/home/user/Desktop/eegthingy_local_allmodels_20260721/.venv/lib/python3.12/site-packages/braindecode/modules/filter.py:168: UserWarning: Creating the filter banks equally divided in the interval 4Hz to 40Hz with almost equal bandwidths. If you want a specific interval, please specify 'band_filters' as a list of tuples.
  warn(
  BA=0.9000 best_epoch=94 seconds=2.9
[2026-07-21T05:12:11.528139+00:00] local_exp4 S4 fold=0 model=cardinal_fbc_compactdyn_scale010 seed=47
/home/user/Desktop/eegthingy_local_allmodels_20260721/.venv/lib/python3.12/site-packages/braindecode/modules/filter.py:168: UserWarning: Creating the filter banks equally divided in the interval 4Hz to 40Hz with almost equal bandwidths. If you want a specific interval, please specify 'band_filters' as a list of tuples.
  warn(
  BA=0.9333 best_epoch=46 seconds=1.6
[2026-07-21T05:12:13.195642+00:00] local_exp4 S5 fold=0 model=cardinal_fbc_compactdyn_scale010 seed=7
/home/user/Desktop/eegthingy_local_allmodels_20260721/.venv/lib/python3.12/site-packages/braindecode/modules/filter.py:168: UserWarning: Creating the filter banks equally divided in the interval 4Hz to 40Hz with almost equal bandwidths. If you want a specific interval, please specify 'band_filters' as a list of tuples.
  warn(
  BA=0.9833 best_epoch=78 seconds=2.5
[2026-07-21T05:12:15.678339+00:00] local_exp4 S5 fold=0 model=cardinal_fbc_compactdyn_scale010 seed=17
/home/user/Desktop/eegthingy_local_allmodels_20260721/.venv/lib/python3.12/site-packages/braindecode/modules/filter.py:168: UserWarning: Creating the filter banks equally divided in the interval 4Hz to 40Hz with almost equal bandwidths. If you want a specific interval, please specify 'band_filters' as a list of tuples.
  warn(
  BA=0.9833 best_epoch=55 seconds=1.9
[2026-07-21T05:12:17.572035+00:00] local_exp4 S5 fold=0 model=cardinal_fbc_compactdyn_scale010 seed=27
/home/user/Desktop/eegthingy_local_allmodels_20260721/.venv/lib/python3.12/site-packages/braindecode/modules/filter.py:168: UserWarning: Creating the filter banks equally divided in the interval 4Hz to 40Hz with almost equal bandwidths. If you want a specific interval, please specify 'band_filters' as a list of tuples.
  warn(
  BA=1.0000 best_epoch=71 seconds=2.3
[2026-07-21T05:12:19.881641+00:00] local_exp4 S5 fold=0 model=cardinal_fbc_compactdyn_scale010 seed=37
/home/user/Desktop/eegthingy_local_allmodels_20260721/.venv/lib/python3.12/site-packages/braindecode/modules/filter.py:168: UserWarning: Creating the filter banks equally divided in the interval 4Hz to 40Hz with almost equal bandwidths. If you want a specific interval, please specify 'band_filters' as a list of tuples.
  warn(
  BA=0.9833 best_epoch=63 seconds=2.1
[2026-07-21T05:12:21.976061+00:00] local_exp4 S5 fold=0 model=cardinal_fbc_compactdyn_scale010 seed=47
/home/user/Desktop/eegthingy_local_allmodels_20260721/.venv/lib/python3.12/site-packages/braindecode/modules/filter.py:168: UserWarning: Creating the filter banks equally divided in the interval 4Hz to 40Hz with almost equal bandwidths. If you want a specific interval, please specify 'band_filters' as a list of tuples.
  warn(
  BA=0.9833 best_epoch=49 seconds=1.7
[2026-07-21T05:12:23.754703+00:00] local_exp4 S6 fold=0 model=cardinal_fbc_compactdyn_scale010 seed=7
/home/user/Desktop/eegthingy_local_allmodels_20260721/.venv/lib/python3.12/site-packages/braindecode/modules/filter.py:168: UserWarning: Creating the filter banks equally divided in the interval 4Hz to 40Hz with almost equal bandwidths. If you want a specific interval, please specify 'band_filters' as a list of tuples.
  warn(
  BA=0.9833 best_epoch=166 seconds=4.8
[2026-07-21T05:12:28.600407+00:00] local_exp4 S6 fold=0 model=cardinal_fbc_compactdyn_scale010 seed=17
/home/user/Desktop/eegthingy_local_allmodels_20260721/.venv/lib/python3.12/site-packages/braindecode/modules/filter.py:168: UserWarning: Creating the filter banks equally divided in the interval 4Hz to 40Hz with almost equal bandwidths. If you want a specific interval, please specify 'band_filters' as a list of tuples.
  warn(
  BA=0.9833 best_epoch=141 seconds=4.3
[2026-07-21T05:12:32.968862+00:00] local_exp4 S6 fold=0 model=cardinal_fbc_compactdyn_scale010 seed=27
/home/user/Desktop/eegthingy_local_allmodels_20260721/.venv/lib/python3.12/site-packages/braindecode/modules/filter.py:168: UserWarning: Creating the filter banks equally divided in the interval 4Hz to 40Hz with almost equal bandwidths. If you want a specific interval, please specify 'band_filters' as a list of tuples.
  warn(
  BA=1.0000 best_epoch=157 seconds=4.8
[2026-07-21T05:12:37.783474+00:00] local_exp4 S6 fold=0 model=cardinal_fbc_compactdyn_scale010 seed=37
/home/user/Desktop/eegthingy_local_allmodels_20260721/.venv/lib/python3.12/site-packages/braindecode/modules/filter.py:168: UserWarning: Creating the filter banks equally divided in the interval 4Hz to 40Hz with almost equal bandwidths. If you want a specific interval, please specify 'band_filters' as a list of tuples.
  warn(
  BA=1.0000 best_epoch=178 seconds=5.2
[2026-07-21T05:12:42.963464+00:00] local_exp4 S6 fold=0 model=cardinal_fbc_compactdyn_scale010 seed=47
/home/user/Desktop/eegthingy_local_allmodels_20260721/.venv/lib/python3.12/site-packages/braindecode/modules/filter.py:168: UserWarning: Creating the filter banks equally divided in the interval 4Hz to 40Hz with almost equal bandwidths. If you want a specific interval, please specify 'band_filters' as a list of tuples.
  warn(
  BA=0.9833 best_epoch=156 seconds=4.8
[2026-07-21T05:12:47.780108+00:00] local_exp4 S7 fold=0 model=cardinal_fbc_compactdyn_scale010 seed=7
/home/user/Desktop/eegthingy_local_allmodels_20260721/.venv/lib/python3.12/site-packages/braindecode/modules/filter.py:168: UserWarning: Creating the filter banks equally divided in the interval 4Hz to 40Hz with almost equal bandwidths. If you want a specific interval, please specify 'band_filters' as a list of tuples.
  warn(
  BA=0.7667 best_epoch=108 seconds=3.4
[2026-07-21T05:12:51.240305+00:00] local_exp4 S7 fold=0 model=cardinal_fbc_compactdyn_scale010 seed=17
/home/user/Desktop/eegthingy_local_allmodels_20260721/.venv/lib/python3.12/site-packages/braindecode/modules/filter.py:168: UserWarning: Creating the filter banks equally divided in the interval 4Hz to 40Hz with almost equal bandwidths. If you want a specific interval, please specify 'band_filters' as a list of tuples.
  warn(
  BA=0.7167 best_epoch=108 seconds=3.4
[2026-07-21T05:12:54.709786+00:00] local_exp4 S7 fold=0 model=cardinal_fbc_compactdyn_scale010 seed=27
/home/user/Desktop/eegthingy_local_allmodels_20260721/.venv/lib/python3.12/site-packages/braindecode/modules/filter.py:168: UserWarning: Creating the filter banks equally divided in the interval 4Hz to 40Hz with almost equal bandwidths. If you want a specific interval, please specify 'band_filters' as a list of tuples.
  warn(
  BA=0.7167 best_epoch=135 seconds=4.2
[2026-07-21T05:12:58.906292+00:00] local_exp4 S7 fold=0 model=cardinal_fbc_compactdyn_scale010 seed=37
/home/user/Desktop/eegthingy_local_allmodels_20260721/.venv/lib/python3.12/site-packages/braindecode/modules/filter.py:168: UserWarning: Creating the filter banks equally divided in the interval 4Hz to 40Hz with almost equal bandwidths. If you want a specific interval, please specify 'band_filters' as a list of tuples.
  warn(
  BA=0.7333 best_epoch=178 seconds=5.2
[2026-07-21T05:13:04.088524+00:00] local_exp4 S7 fold=0 model=cardinal_fbc_compactdyn_scale010 seed=47
/home/user/Desktop/eegthingy_local_allmodels_20260721/.venv/lib/python3.12/site-packages/braindecode/modules/filter.py:168: UserWarning: Creating the filter banks equally divided in the interval 4Hz to 40Hz with almost equal bandwidths. If you want a specific interval, please specify 'band_filters' as a list of tuples.
  warn(
  BA=0.7333 best_epoch=91 seconds=3.0
[2026-07-21T05:13:07.099329+00:00] local_exp4 S8 fold=0 model=cardinal_fbc_compactdyn_scale010 seed=7
/home/user/Desktop/eegthingy_local_allmodels_20260721/.venv/lib/python3.12/site-packages/braindecode/modules/filter.py:168: UserWarning: Creating the filter banks equally divided in the interval 4Hz to 40Hz with almost equal bandwidths. If you want a specific interval, please specify 'band_filters' as a list of tuples.
  warn(
  BA=0.8833 best_epoch=151 seconds=4.5
[2026-07-21T05:13:11.691936+00:00] local_exp4 S8 fold=0 model=cardinal_fbc_compactdyn_scale010 seed=17
/home/user/Desktop/eegthingy_local_allmodels_20260721/.venv/lib/python3.12/site-packages/braindecode/modules/filter.py:168: UserWarning: Creating the filter banks equally divided in the interval 4Hz to 40Hz with almost equal bandwidths. If you want a specific interval, please specify 'band_filters' as a list of tuples.
  warn(
  BA=0.8833 best_epoch=138 seconds=4.1
[2026-07-21T05:13:15.827519+00:00] local_exp4 S8 fold=0 model=cardinal_fbc_compactdyn_scale010 seed=27
/home/user/Desktop/eegthingy_local_allmodels_20260721/.venv/lib/python3.12/site-packages/braindecode/modules/filter.py:168: UserWarning: Creating the filter banks equally divided in the interval 4Hz to 40Hz with almost equal bandwidths. If you want a specific interval, please specify 'band_filters' as a list of tuples.
  warn(
  BA=0.9500 best_epoch=191 seconds=5.1
[2026-07-21T05:13:21.003906+00:00] local_exp4 S8 fold=0 model=cardinal_fbc_compactdyn_scale010 seed=37
/home/user/Desktop/eegthingy_local_allmodels_20260721/.venv/lib/python3.12/site-packages/braindecode/modules/filter.py:168: UserWarning: Creating the filter banks equally divided in the interval 4Hz to 40Hz with almost equal bandwidths. If you want a specific interval, please specify 'band_filters' as a list of tuples.
  warn(
  BA=0.8667 best_epoch=156 seconds=4.7
[2026-07-21T05:13:25.799750+00:00] local_exp4 S8 fold=0 model=cardinal_fbc_compactdyn_scale010 seed=47
/home/user/Desktop/eegthingy_local_allmodels_20260721/.venv/lib/python3.12/site-packages/braindecode/modules/filter.py:168: UserWarning: Creating the filter banks equally divided in the interval 4Hz to 40Hz with almost equal bandwidths. If you want a specific interval, please specify 'band_filters' as a list of tuples.
  warn(
  BA=0.9000 best_epoch=150 seconds=4.6
[2026-07-21T05:13:30.455565+00:00] local_exp4 S10 fold=0 model=cardinal_fbc_compactdyn_scale010 seed=7
/home/user/Desktop/eegthingy_local_allmodels_20260721/.venv/lib/python3.12/site-packages/braindecode/modules/filter.py:168: UserWarning: Creating the filter banks equally divided in the interval 4Hz to 40Hz with almost equal bandwidths. If you want a specific interval, please specify 'band_filters' as a list of tuples.
  warn(
  BA=0.9667 best_epoch=167 seconds=5.0
[2026-07-21T05:13:35.532774+00:00] local_exp4 S10 fold=0 model=cardinal_fbc_compactdyn_scale010 seed=17
/home/user/Desktop/eegthingy_local_allmodels_20260721/.venv/lib/python3.12/site-packages/braindecode/modules/filter.py:168: UserWarning: Creating the filter banks equally divided in the interval 4Hz to 40Hz with almost equal bandwidths. If you want a specific interval, please specify 'band_filters' as a list of tuples.
  warn(
  BA=0.9333 best_epoch=132 seconds=4.1
[2026-07-21T05:13:39.704270+00:00] local_exp4 S10 fold=0 model=cardinal_fbc_compactdyn_scale010 seed=27
/home/user/Desktop/eegthingy_local_allmodels_20260721/.venv/lib/python3.12/site-packages/braindecode/modules/filter.py:168: UserWarning: Creating the filter banks equally divided in the interval 4Hz to 40Hz with almost equal bandwidths. If you want a specific interval, please specify 'band_filters' as a list of tuples.
  warn(
  BA=0.9667 best_epoch=125 seconds=3.9
[2026-07-21T05:13:43.658759+00:00] local_exp4 S10 fold=0 model=cardinal_fbc_compactdyn_scale010 seed=37
/home/user/Desktop/eegthingy_local_allmodels_20260721/.venv/lib/python3.12/site-packages/braindecode/modules/filter.py:168: UserWarning: Creating the filter banks equally divided in the interval 4Hz to 40Hz with almost equal bandwidths. If you want a specific interval, please specify 'band_filters' as a list of tuples.
  warn(
  BA=0.9333 best_epoch=121 seconds=3.7
[2026-07-21T05:13:47.419605+00:00] local_exp4 S10 fold=0 model=cardinal_fbc_compactdyn_scale010 seed=47
/home/user/Desktop/eegthingy_local_allmodels_20260721/.venv/lib/python3.12/site-packages/braindecode/modules/filter.py:168: UserWarning: Creating the filter banks equally divided in the interval 4Hz to 40Hz with almost equal bandwidths. If you want a specific interval, please specify 'band_filters' as a list of tuples.
  warn(
  BA=0.9500 best_epoch=147 seconds=4.5
wrote /home/user/Desktop/eegthingy_local_allmodels_20260721/results/local_all_43_formal_v1/artifacts/cardinal_fbc_compactdyn_scale010.json
