[2026-07-21T05:49:30.215333+00:00] local_exp4 S1 fold=0 model=ctnet_compact seed=7
/home/user/Desktop/eegthingy_local_allmodels_20260721/.venv/lib/python3.12/site-packages/torch/nn/modules/conv.py:548: UserWarning: Using padding='same' with even kernel lengths and odd dilation may require a zero-padded copy of the input be created (Triggered internally at /pytorch/aten/src/ATen/native/Convolution.cpp:1024.)
  return F.conv2d(
  BA=0.6833 best_epoch=170 seconds=7.4
[2026-07-21T05:49:38.784069+00:00] local_exp4 S1 fold=0 model=ctnet_compact seed=17
  BA=0.5833 best_epoch=37 seconds=2.0
[2026-07-21T05:49:40.823353+00:00] local_exp4 S1 fold=0 model=ctnet_compact seed=27
  BA=0.7333 best_epoch=180 seconds=7.2
[2026-07-21T05:49:48.053583+00:00] local_exp4 S1 fold=0 model=ctnet_compact seed=37
  BA=0.6500 best_epoch=193 seconds=7.5
[2026-07-21T05:49:55.585168+00:00] local_exp4 S1 fold=0 model=ctnet_compact seed=47
  BA=0.7833 best_epoch=193 seconds=7.7
[2026-07-21T05:50:03.298923+00:00] local_exp4 S3 fold=0 model=ctnet_compact seed=7
  BA=0.8667 best_epoch=35 seconds=2.0
[2026-07-21T05:50:05.319395+00:00] local_exp4 S3 fold=0 model=ctnet_compact seed=17
  BA=0.9500 best_epoch=154 seconds=6.6
[2026-07-21T05:50:11.909237+00:00] local_exp4 S3 fold=0 model=ctnet_compact seed=27
  BA=0.9167 best_epoch=132 seconds=5.7
[2026-07-21T05:50:17.665978+00:00] local_exp4 S3 fold=0 model=ctnet_compact seed=37
  BA=0.9167 best_epoch=167 seconds=7.0
[2026-07-21T05:50:24.684325+00:00] local_exp4 S3 fold=0 model=ctnet_compact seed=47
  BA=0.9167 best_epoch=142 seconds=6.1
[2026-07-21T05:50:30.782801+00:00] local_exp4 S4 fold=0 model=ctnet_compact seed=7
  BA=0.9000 best_epoch=186 seconds=7.5
[2026-07-21T05:50:38.353420+00:00] local_exp4 S4 fold=0 model=ctnet_compact seed=17
  BA=0.7833 best_epoch=173 seconds=7.1
[2026-07-21T05:50:45.469777+00:00] local_exp4 S4 fold=0 model=ctnet_compact seed=27
  BA=0.9500 best_epoch=198 seconds=7.8
[2026-07-21T05:50:53.306485+00:00] local_exp4 S4 fold=0 model=ctnet_compact seed=37
  BA=0.8833 best_epoch=175 seconds=7.3
[2026-07-21T05:51:00.626617+00:00] local_exp4 S4 fold=0 model=ctnet_compact seed=47
  BA=0.9000 best_epoch=199 seconds=7.8
[2026-07-21T05:51:08.455904+00:00] local_exp4 S5 fold=0 model=ctnet_compact seed=7
  BA=1.0000 best_epoch=122 seconds=5.4
[2026-07-21T05:51:13.917006+00:00] local_exp4 S5 fold=0 model=ctnet_compact seed=17
  BA=1.0000 best_epoch=163 seconds=7.0
[2026-07-21T05:51:20.959649+00:00] local_exp4 S5 fold=0 model=ctnet_compact seed=27
  BA=1.0000 best_epoch=143 seconds=6.2
[2026-07-21T05:51:27.212254+00:00] local_exp4 S5 fold=0 model=ctnet_compact seed=37
  BA=1.0000 best_epoch=159 seconds=6.8
[2026-07-21T05:51:34.025146+00:00] local_exp4 S5 fold=0 model=ctnet_compact seed=47
  BA=1.0000 best_epoch=176 seconds=7.2
[2026-07-21T05:51:41.223483+00:00] local_exp4 S6 fold=0 model=ctnet_compact seed=7
  BA=1.0000 best_epoch=193 seconds=7.7
[2026-07-21T05:51:49.001480+00:00] local_exp4 S6 fold=0 model=ctnet_compact seed=17
  BA=1.0000 best_epoch=181 seconds=7.4
[2026-07-21T05:51:56.473706+00:00] local_exp4 S6 fold=0 model=ctnet_compact seed=27
  BA=1.0000 best_epoch=192 seconds=7.8
[2026-07-21T05:52:04.259301+00:00] local_exp4 S6 fold=0 model=ctnet_compact seed=37
  BA=0.9667 best_epoch=186 seconds=7.6
[2026-07-21T05:52:11.850756+00:00] local_exp4 S6 fold=0 model=ctnet_compact seed=47
  BA=1.0000 best_epoch=183 seconds=7.5
[2026-07-21T05:52:19.383845+00:00] local_exp4 S7 fold=0 model=ctnet_compact seed=7
  BA=0.4667 best_epoch=5 seconds=0.8
[2026-07-21T05:52:20.226427+00:00] local_exp4 S7 fold=0 model=ctnet_compact seed=17
  BA=0.5000 best_epoch=42 seconds=2.2
[2026-07-21T05:52:22.488989+00:00] local_exp4 S7 fold=0 model=ctnet_compact seed=27
  BA=0.8333 best_epoch=191 seconds=7.5
[2026-07-21T05:52:30.061206+00:00] local_exp4 S7 fold=0 model=ctnet_compact seed=37
  BA=0.7833 best_epoch=194 seconds=7.4
[2026-07-21T05:52:37.506434+00:00] local_exp4 S7 fold=0 model=ctnet_compact seed=47
  BA=0.7333 best_epoch=193 seconds=7.2
[2026-07-21T05:52:44.744937+00:00] local_exp4 S8 fold=0 model=ctnet_compact seed=7
  BA=0.5333 best_epoch=1 seconds=0.6
[2026-07-21T05:52:45.373943+00:00] local_exp4 S8 fold=0 model=ctnet_compact seed=17
  BA=0.6000 best_epoch=40 seconds=2.0
[2026-07-21T05:52:47.385374+00:00] local_exp4 S8 fold=0 model=ctnet_compact seed=27
  BA=0.5333 best_epoch=3 seconds=0.7
[2026-07-21T05:52:48.085684+00:00] local_exp4 S8 fold=0 model=ctnet_compact seed=37
  BA=0.5500 best_epoch=22 seconds=1.3
[2026-07-21T05:52:49.451581+00:00] local_exp4 S8 fold=0 model=ctnet_compact seed=47
  BA=0.9000 best_epoch=197 seconds=7.1
[2026-07-21T05:52:56.616947+00:00] local_exp4 S10 fold=0 model=ctnet_compact seed=7
  BA=0.9333 best_epoch=187 seconds=7.4
[2026-07-21T05:53:04.056636+00:00] local_exp4 S10 fold=0 model=ctnet_compact seed=17
  BA=0.8333 best_epoch=191 seconds=7.6
[2026-07-21T05:53:11.694410+00:00] local_exp4 S10 fold=0 model=ctnet_compact seed=27
  BA=0.9000 best_epoch=191 seconds=7.7
[2026-07-21T05:53:19.437855+00:00] local_exp4 S10 fold=0 model=ctnet_compact seed=37
  BA=0.8500 best_epoch=199 seconds=7.8
[2026-07-21T05:53:27.236926+00:00] local_exp4 S10 fold=0 model=ctnet_compact seed=47
  BA=0.9167 best_epoch=195 seconds=7.8
wrote /home/user/Desktop/eegthingy_local_allmodels_20260721/results/local_all_43_formal_v1/artifacts/ctnet_compact.json
