[2026-07-21T05:45:24.815007+00:00] local_exp4 S1 fold=0 model=ctnet seed=7
/home/user/Desktop/eegthingy_local_allmodels_20260721/.venv/lib/python3.12/site-packages/torch/nn/modules/conv.py:548: UserWarning: Using padding='same' with even kernel lengths and odd dilation may require a zero-padded copy of the input be created (Triggered internally at /pytorch/aten/src/ATen/native/Convolution.cpp:1024.)
  return F.conv2d(
  BA=0.7500 best_epoch=191 seconds=8.2
[2026-07-21T05:45:34.109938+00:00] local_exp4 S1 fold=0 model=ctnet seed=17
  BA=0.8000 best_epoch=180 seconds=7.5
[2026-07-21T05:45:41.657854+00:00] local_exp4 S1 fold=0 model=ctnet seed=27
  BA=0.6833 best_epoch=129 seconds=6.2
[2026-07-21T05:45:47.866486+00:00] local_exp4 S1 fold=0 model=ctnet seed=37
  BA=0.5500 best_epoch=4 seconds=0.8
[2026-07-21T05:45:48.748377+00:00] local_exp4 S1 fold=0 model=ctnet seed=47
  BA=0.7833 best_epoch=114 seconds=5.6
[2026-07-21T05:45:54.335107+00:00] local_exp4 S3 fold=0 model=ctnet seed=7
  BA=0.9500 best_epoch=71 seconds=3.7
[2026-07-21T05:45:58.082899+00:00] local_exp4 S3 fold=0 model=ctnet seed=17
  BA=0.9667 best_epoch=87 seconds=4.5
[2026-07-21T05:46:02.623347+00:00] local_exp4 S3 fold=0 model=ctnet seed=27
  BA=0.9500 best_epoch=53 seconds=3.0
[2026-07-21T05:46:05.630986+00:00] local_exp4 S3 fold=0 model=ctnet seed=37
  BA=0.9333 best_epoch=47 seconds=2.7
[2026-07-21T05:46:08.365366+00:00] local_exp4 S3 fold=0 model=ctnet seed=47
  BA=0.9500 best_epoch=82 seconds=4.2
[2026-07-21T05:46:12.599179+00:00] local_exp4 S4 fold=0 model=ctnet seed=7
  BA=0.9167 best_epoch=182 seconds=8.3
[2026-07-21T05:46:20.940365+00:00] local_exp4 S4 fold=0 model=ctnet seed=17
  BA=0.9000 best_epoch=102 seconds=5.2
[2026-07-21T05:46:26.128609+00:00] local_exp4 S4 fold=0 model=ctnet seed=27
  BA=0.9500 best_epoch=140 seconds=6.6
[2026-07-21T05:46:32.814389+00:00] local_exp4 S4 fold=0 model=ctnet seed=37
  BA=0.9000 best_epoch=100 seconds=4.9
[2026-07-21T05:46:37.703123+00:00] local_exp4 S4 fold=0 model=ctnet seed=47
  BA=0.9167 best_epoch=154 seconds=7.4
[2026-07-21T05:46:45.089457+00:00] local_exp4 S5 fold=0 model=ctnet seed=7
  BA=1.0000 best_epoch=161 seconds=7.6
[2026-07-21T05:46:52.744102+00:00] local_exp4 S5 fold=0 model=ctnet seed=17
  BA=1.0000 best_epoch=57 seconds=3.2
[2026-07-21T05:46:55.930447+00:00] local_exp4 S5 fold=0 model=ctnet seed=27
  BA=1.0000 best_epoch=131 seconds=6.3
[2026-07-21T05:47:02.311091+00:00] local_exp4 S5 fold=0 model=ctnet seed=37
  BA=1.0000 best_epoch=89 seconds=4.5
[2026-07-21T05:47:06.856701+00:00] local_exp4 S5 fold=0 model=ctnet seed=47
  BA=1.0000 best_epoch=161 seconds=7.6
[2026-07-21T05:47:14.478720+00:00] local_exp4 S6 fold=0 model=ctnet seed=7
  BA=0.9833 best_epoch=184 seconds=8.4
[2026-07-21T05:47:22.933430+00:00] local_exp4 S6 fold=0 model=ctnet seed=17
  BA=1.0000 best_epoch=127 seconds=6.2
[2026-07-21T05:47:29.181710+00:00] local_exp4 S6 fold=0 model=ctnet seed=27
  BA=0.9833 best_epoch=131 seconds=6.4
[2026-07-21T05:47:35.568010+00:00] local_exp4 S6 fold=0 model=ctnet seed=37
  BA=0.9833 best_epoch=81 seconds=4.2
[2026-07-21T05:47:39.798624+00:00] local_exp4 S6 fold=0 model=ctnet seed=47
  BA=0.9833 best_epoch=146 seconds=7.1
[2026-07-21T05:47:46.888954+00:00] local_exp4 S7 fold=0 model=ctnet seed=7
  BA=0.7833 best_epoch=194 seconds=8.5
[2026-07-21T05:47:55.456034+00:00] local_exp4 S7 fold=0 model=ctnet seed=17
  BA=0.7667 best_epoch=193 seconds=8.6
[2026-07-21T05:48:04.080892+00:00] local_exp4 S7 fold=0 model=ctnet seed=27
  BA=0.7833 best_epoch=176 seconds=8.1
[2026-07-21T05:48:12.214384+00:00] local_exp4 S7 fold=0 model=ctnet seed=37
  BA=0.7833 best_epoch=196 seconds=8.4
[2026-07-21T05:48:20.669480+00:00] local_exp4 S7 fold=0 model=ctnet seed=47
  BA=0.7500 best_epoch=193 seconds=8.5
[2026-07-21T05:48:29.246618+00:00] local_exp4 S8 fold=0 model=ctnet seed=7
  BA=0.9167 best_epoch=188 seconds=8.5
[2026-07-21T05:48:37.754255+00:00] local_exp4 S8 fold=0 model=ctnet seed=17
  BA=0.5333 best_epoch=2 seconds=0.8
[2026-07-21T05:48:38.547939+00:00] local_exp4 S8 fold=0 model=ctnet seed=27
  BA=0.5000 best_epoch=0 seconds=0.7
[2026-07-21T05:48:39.260322+00:00] local_exp4 S8 fold=0 model=ctnet seed=37
  BA=0.9167 best_epoch=187 seconds=8.4
[2026-07-21T05:48:47.647626+00:00] local_exp4 S8 fold=0 model=ctnet seed=47
  BA=0.5333 best_epoch=0 seconds=0.7
[2026-07-21T05:48:48.364234+00:00] local_exp4 S10 fold=0 model=ctnet seed=7
  BA=0.9667 best_epoch=189 seconds=8.4
[2026-07-21T05:48:56.837048+00:00] local_exp4 S10 fold=0 model=ctnet seed=17
  BA=0.9333 best_epoch=194 seconds=8.1
[2026-07-21T05:49:04.982399+00:00] local_exp4 S10 fold=0 model=ctnet seed=27
  BA=0.9333 best_epoch=144 seconds=6.5
[2026-07-21T05:49:11.559426+00:00] local_exp4 S10 fold=0 model=ctnet seed=37
  BA=0.9333 best_epoch=175 seconds=7.4
[2026-07-21T05:49:18.977701+00:00] local_exp4 S10 fold=0 model=ctnet seed=47
  BA=0.9500 best_epoch=195 seconds=8.7
wrote /home/user/Desktop/eegthingy_local_allmodels_20260721/results/local_all_43_formal_v1/artifacts/ctnet.json
