[2026-07-21T04:58:31.075680+00:00] local_exp4 S1 fold=0 model=fbcnet seed=7
/home/user/Desktop/eegthingy_local_allmodels_20260721/.venv/lib/python3.12/site-packages/braindecode/modules/filter.py:168: UserWarning: Creating the filter banks equally divided in the interval 4Hz to 40Hz with almost equal bandwidths. If you want a specific interval, please specify 'band_filters' as a list of tuples.
  warn(
  BA=0.8000 best_epoch=184 seconds=4.0
[2026-07-21T04:58:36.235776+00:00] local_exp4 S1 fold=0 model=fbcnet seed=17
/home/user/Desktop/eegthingy_local_allmodels_20260721/.venv/lib/python3.12/site-packages/braindecode/modules/filter.py:168: UserWarning: Creating the filter banks equally divided in the interval 4Hz to 40Hz with almost equal bandwidths. If you want a specific interval, please specify 'band_filters' as a list of tuples.
  warn(
  BA=0.8167 best_epoch=153 seconds=3.3
[2026-07-21T04:58:39.567880+00:00] local_exp4 S1 fold=0 model=fbcnet seed=27
/home/user/Desktop/eegthingy_local_allmodels_20260721/.venv/lib/python3.12/site-packages/braindecode/modules/filter.py:168: UserWarning: Creating the filter banks equally divided in the interval 4Hz to 40Hz with almost equal bandwidths. If you want a specific interval, please specify 'band_filters' as a list of tuples.
  warn(
  BA=0.8167 best_epoch=189 seconds=3.8
[2026-07-21T04:58:43.377241+00:00] local_exp4 S1 fold=0 model=fbcnet seed=37
/home/user/Desktop/eegthingy_local_allmodels_20260721/.venv/lib/python3.12/site-packages/braindecode/modules/filter.py:168: UserWarning: Creating the filter banks equally divided in the interval 4Hz to 40Hz with almost equal bandwidths. If you want a specific interval, please specify 'band_filters' as a list of tuples.
  warn(
  BA=0.8167 best_epoch=192 seconds=3.8
[2026-07-21T04:58:47.187633+00:00] local_exp4 S1 fold=0 model=fbcnet seed=47
/home/user/Desktop/eegthingy_local_allmodels_20260721/.venv/lib/python3.12/site-packages/braindecode/modules/filter.py:168: UserWarning: Creating the filter banks equally divided in the interval 4Hz to 40Hz with almost equal bandwidths. If you want a specific interval, please specify 'band_filters' as a list of tuples.
  warn(
  BA=0.8000 best_epoch=169 seconds=3.6
[2026-07-21T04:58:50.800967+00:00] local_exp4 S3 fold=0 model=fbcnet seed=7
/home/user/Desktop/eegthingy_local_allmodels_20260721/.venv/lib/python3.12/site-packages/braindecode/modules/filter.py:168: UserWarning: Creating the filter banks equally divided in the interval 4Hz to 40Hz with almost equal bandwidths. If you want a specific interval, please specify 'band_filters' as a list of tuples.
  warn(
  BA=0.9333 best_epoch=49 seconds=1.3
[2026-07-21T04:58:52.102647+00:00] local_exp4 S3 fold=0 model=fbcnet seed=17
/home/user/Desktop/eegthingy_local_allmodels_20260721/.venv/lib/python3.12/site-packages/braindecode/modules/filter.py:168: UserWarning: Creating the filter banks equally divided in the interval 4Hz to 40Hz with almost equal bandwidths. If you want a specific interval, please specify 'band_filters' as a list of tuples.
  warn(
  BA=0.9667 best_epoch=39 seconds=1.1
[2026-07-21T04:58:53.219170+00:00] local_exp4 S3 fold=0 model=fbcnet seed=27
/home/user/Desktop/eegthingy_local_allmodels_20260721/.venv/lib/python3.12/site-packages/braindecode/modules/filter.py:168: UserWarning: Creating the filter banks equally divided in the interval 4Hz to 40Hz with almost equal bandwidths. If you want a specific interval, please specify 'band_filters' as a list of tuples.
  warn(
  BA=0.9500 best_epoch=99 seconds=2.2
[2026-07-21T04:58:55.487183+00:00] local_exp4 S3 fold=0 model=fbcnet seed=37
/home/user/Desktop/eegthingy_local_allmodels_20260721/.venv/lib/python3.12/site-packages/braindecode/modules/filter.py:168: UserWarning: Creating the filter banks equally divided in the interval 4Hz to 40Hz with almost equal bandwidths. If you want a specific interval, please specify 'band_filters' as a list of tuples.
  warn(
  BA=0.9833 best_epoch=121 seconds=2.6
[2026-07-21T04:58:58.156388+00:00] local_exp4 S3 fold=0 model=fbcnet seed=47
/home/user/Desktop/eegthingy_local_allmodels_20260721/.venv/lib/python3.12/site-packages/braindecode/modules/filter.py:168: UserWarning: Creating the filter banks equally divided in the interval 4Hz to 40Hz with almost equal bandwidths. If you want a specific interval, please specify 'band_filters' as a list of tuples.
  warn(
  BA=0.9667 best_epoch=71 seconds=1.7
[2026-07-21T04:58:59.890704+00:00] local_exp4 S4 fold=0 model=fbcnet seed=7
/home/user/Desktop/eegthingy_local_allmodels_20260721/.venv/lib/python3.12/site-packages/braindecode/modules/filter.py:168: UserWarning: Creating the filter banks equally divided in the interval 4Hz to 40Hz with almost equal bandwidths. If you want a specific interval, please specify 'band_filters' as a list of tuples.
  warn(
  BA=0.9333 best_epoch=77 seconds=1.9
[2026-07-21T04:59:01.855203+00:00] local_exp4 S4 fold=0 model=fbcnet seed=17
/home/user/Desktop/eegthingy_local_allmodels_20260721/.venv/lib/python3.12/site-packages/braindecode/modules/filter.py:168: UserWarning: Creating the filter banks equally divided in the interval 4Hz to 40Hz with almost equal bandwidths. If you want a specific interval, please specify 'band_filters' as a list of tuples.
  warn(
  BA=0.9167 best_epoch=31 seconds=0.9
[2026-07-21T04:59:02.822426+00:00] local_exp4 S4 fold=0 model=fbcnet seed=27
/home/user/Desktop/eegthingy_local_allmodels_20260721/.venv/lib/python3.12/site-packages/braindecode/modules/filter.py:168: UserWarning: Creating the filter banks equally divided in the interval 4Hz to 40Hz with almost equal bandwidths. If you want a specific interval, please specify 'band_filters' as a list of tuples.
  warn(
  BA=0.9167 best_epoch=31 seconds=0.9
[2026-07-21T04:59:03.773109+00:00] local_exp4 S4 fold=0 model=fbcnet seed=37
/home/user/Desktop/eegthingy_local_allmodels_20260721/.venv/lib/python3.12/site-packages/braindecode/modules/filter.py:168: UserWarning: Creating the filter banks equally divided in the interval 4Hz to 40Hz with almost equal bandwidths. If you want a specific interval, please specify 'band_filters' as a list of tuples.
  warn(
  BA=0.9000 best_epoch=61 seconds=1.5
[2026-07-21T04:59:05.305047+00:00] local_exp4 S4 fold=0 model=fbcnet seed=47
/home/user/Desktop/eegthingy_local_allmodels_20260721/.venv/lib/python3.12/site-packages/braindecode/modules/filter.py:168: UserWarning: Creating the filter banks equally divided in the interval 4Hz to 40Hz with almost equal bandwidths. If you want a specific interval, please specify 'band_filters' as a list of tuples.
  warn(
  BA=0.9167 best_epoch=34 seconds=1.0
[2026-07-21T04:59:06.322563+00:00] local_exp4 S5 fold=0 model=fbcnet seed=7
/home/user/Desktop/eegthingy_local_allmodels_20260721/.venv/lib/python3.12/site-packages/braindecode/modules/filter.py:168: UserWarning: Creating the filter banks equally divided in the interval 4Hz to 40Hz with almost equal bandwidths. If you want a specific interval, please specify 'band_filters' as a list of tuples.
  warn(
  BA=1.0000 best_epoch=50 seconds=1.3
[2026-07-21T04:59:07.652387+00:00] local_exp4 S5 fold=0 model=fbcnet seed=17
/home/user/Desktop/eegthingy_local_allmodels_20260721/.venv/lib/python3.12/site-packages/braindecode/modules/filter.py:168: UserWarning: Creating the filter banks equally divided in the interval 4Hz to 40Hz with almost equal bandwidths. If you want a specific interval, please specify 'band_filters' as a list of tuples.
  warn(
  BA=0.9833 best_epoch=47 seconds=1.2
[2026-07-21T04:59:08.920200+00:00] local_exp4 S5 fold=0 model=fbcnet seed=27
/home/user/Desktop/eegthingy_local_allmodels_20260721/.venv/lib/python3.12/site-packages/braindecode/modules/filter.py:168: UserWarning: Creating the filter banks equally divided in the interval 4Hz to 40Hz with almost equal bandwidths. If you want a specific interval, please specify 'band_filters' as a list of tuples.
  warn(
  BA=1.0000 best_epoch=87 seconds=2.0
[2026-07-21T04:59:10.965405+00:00] local_exp4 S5 fold=0 model=fbcnet seed=37
/home/user/Desktop/eegthingy_local_allmodels_20260721/.venv/lib/python3.12/site-packages/braindecode/modules/filter.py:168: UserWarning: Creating the filter banks equally divided in the interval 4Hz to 40Hz with almost equal bandwidths. If you want a specific interval, please specify 'band_filters' as a list of tuples.
  warn(
  BA=1.0000 best_epoch=71 seconds=1.7
[2026-07-21T04:59:12.682915+00:00] local_exp4 S5 fold=0 model=fbcnet seed=47
/home/user/Desktop/eegthingy_local_allmodels_20260721/.venv/lib/python3.12/site-packages/braindecode/modules/filter.py:168: UserWarning: Creating the filter banks equally divided in the interval 4Hz to 40Hz with almost equal bandwidths. If you want a specific interval, please specify 'band_filters' as a list of tuples.
  warn(
  BA=1.0000 best_epoch=76 seconds=1.8
[2026-07-21T04:59:14.544906+00:00] local_exp4 S6 fold=0 model=fbcnet seed=7
/home/user/Desktop/eegthingy_local_allmodels_20260721/.venv/lib/python3.12/site-packages/braindecode/modules/filter.py:168: UserWarning: Creating the filter banks equally divided in the interval 4Hz to 40Hz with almost equal bandwidths. If you want a specific interval, please specify 'band_filters' as a list of tuples.
  warn(
  BA=0.9667 best_epoch=183 seconds=3.7
[2026-07-21T04:59:18.301669+00:00] local_exp4 S6 fold=0 model=fbcnet seed=17
/home/user/Desktop/eegthingy_local_allmodels_20260721/.venv/lib/python3.12/site-packages/braindecode/modules/filter.py:168: UserWarning: Creating the filter banks equally divided in the interval 4Hz to 40Hz with almost equal bandwidths. If you want a specific interval, please specify 'band_filters' as a list of tuples.
  warn(
  BA=0.9833 best_epoch=127 seconds=2.9
[2026-07-21T04:59:21.246889+00:00] local_exp4 S6 fold=0 model=fbcnet seed=27
/home/user/Desktop/eegthingy_local_allmodels_20260721/.venv/lib/python3.12/site-packages/braindecode/modules/filter.py:168: UserWarning: Creating the filter banks equally divided in the interval 4Hz to 40Hz with almost equal bandwidths. If you want a specific interval, please specify 'band_filters' as a list of tuples.
  warn(
  BA=0.9833 best_epoch=113 seconds=2.6
[2026-07-21T04:59:23.858919+00:00] local_exp4 S6 fold=0 model=fbcnet seed=37
/home/user/Desktop/eegthingy_local_allmodels_20260721/.venv/lib/python3.12/site-packages/braindecode/modules/filter.py:168: UserWarning: Creating the filter banks equally divided in the interval 4Hz to 40Hz with almost equal bandwidths. If you want a specific interval, please specify 'band_filters' as a list of tuples.
  warn(
  BA=0.9833 best_epoch=129 seconds=2.9
[2026-07-21T04:59:26.760996+00:00] local_exp4 S6 fold=0 model=fbcnet seed=47
/home/user/Desktop/eegthingy_local_allmodels_20260721/.venv/lib/python3.12/site-packages/braindecode/modules/filter.py:168: UserWarning: Creating the filter banks equally divided in the interval 4Hz to 40Hz with almost equal bandwidths. If you want a specific interval, please specify 'band_filters' as a list of tuples.
  warn(
  BA=0.9833 best_epoch=151 seconds=3.3
[2026-07-21T04:59:30.130758+00:00] local_exp4 S7 fold=0 model=fbcnet seed=7
/home/user/Desktop/eegthingy_local_allmodels_20260721/.venv/lib/python3.12/site-packages/braindecode/modules/filter.py:168: UserWarning: Creating the filter banks equally divided in the interval 4Hz to 40Hz with almost equal bandwidths. If you want a specific interval, please specify 'band_filters' as a list of tuples.
  warn(
  BA=0.7667 best_epoch=118 seconds=2.6
[2026-07-21T04:59:32.803068+00:00] local_exp4 S7 fold=0 model=fbcnet seed=17
/home/user/Desktop/eegthingy_local_allmodels_20260721/.venv/lib/python3.12/site-packages/braindecode/modules/filter.py:168: UserWarning: Creating the filter banks equally divided in the interval 4Hz to 40Hz with almost equal bandwidths. If you want a specific interval, please specify 'band_filters' as a list of tuples.
  warn(
  BA=0.7500 best_epoch=114 seconds=2.6
[2026-07-21T04:59:35.394887+00:00] local_exp4 S7 fold=0 model=fbcnet seed=27
/home/user/Desktop/eegthingy_local_allmodels_20260721/.venv/lib/python3.12/site-packages/braindecode/modules/filter.py:168: UserWarning: Creating the filter banks equally divided in the interval 4Hz to 40Hz with almost equal bandwidths. If you want a specific interval, please specify 'band_filters' as a list of tuples.
  warn(
  BA=0.7333 best_epoch=109 seconds=2.5
[2026-07-21T04:59:37.893730+00:00] local_exp4 S7 fold=0 model=fbcnet seed=37
/home/user/Desktop/eegthingy_local_allmodels_20260721/.venv/lib/python3.12/site-packages/braindecode/modules/filter.py:168: UserWarning: Creating the filter banks equally divided in the interval 4Hz to 40Hz with almost equal bandwidths. If you want a specific interval, please specify 'band_filters' as a list of tuples.
  warn(
  BA=0.7833 best_epoch=86 seconds=2.0
[2026-07-21T04:59:39.921943+00:00] local_exp4 S7 fold=0 model=fbcnet seed=47
/home/user/Desktop/eegthingy_local_allmodels_20260721/.venv/lib/python3.12/site-packages/braindecode/modules/filter.py:168: UserWarning: Creating the filter banks equally divided in the interval 4Hz to 40Hz with almost equal bandwidths. If you want a specific interval, please specify 'band_filters' as a list of tuples.
  warn(
  BA=0.7333 best_epoch=95 seconds=2.2
[2026-07-21T04:59:42.154255+00:00] local_exp4 S8 fold=0 model=fbcnet seed=7
/home/user/Desktop/eegthingy_local_allmodels_20260721/.venv/lib/python3.12/site-packages/braindecode/modules/filter.py:168: UserWarning: Creating the filter banks equally divided in the interval 4Hz to 40Hz with almost equal bandwidths. If you want a specific interval, please specify 'band_filters' as a list of tuples.
  warn(
  BA=0.9333 best_epoch=158 seconds=3.4
[2026-07-21T04:59:45.600711+00:00] local_exp4 S8 fold=0 model=fbcnet seed=17
/home/user/Desktop/eegthingy_local_allmodels_20260721/.venv/lib/python3.12/site-packages/braindecode/modules/filter.py:168: UserWarning: Creating the filter banks equally divided in the interval 4Hz to 40Hz with almost equal bandwidths. If you want a specific interval, please specify 'band_filters' as a list of tuples.
  warn(
  BA=0.8833 best_epoch=139 seconds=3.1
[2026-07-21T04:59:48.684410+00:00] local_exp4 S8 fold=0 model=fbcnet seed=27
/home/user/Desktop/eegthingy_local_allmodels_20260721/.venv/lib/python3.12/site-packages/braindecode/modules/filter.py:168: UserWarning: Creating the filter banks equally divided in the interval 4Hz to 40Hz with almost equal bandwidths. If you want a specific interval, please specify 'band_filters' as a list of tuples.
  warn(
  BA=0.9333 best_epoch=115 seconds=2.6
[2026-07-21T04:59:51.307612+00:00] local_exp4 S8 fold=0 model=fbcnet seed=37
/home/user/Desktop/eegthingy_local_allmodels_20260721/.venv/lib/python3.12/site-packages/braindecode/modules/filter.py:168: UserWarning: Creating the filter banks equally divided in the interval 4Hz to 40Hz with almost equal bandwidths. If you want a specific interval, please specify 'band_filters' as a list of tuples.
  warn(
  BA=0.9000 best_epoch=130 seconds=2.9
[2026-07-21T04:59:54.189040+00:00] local_exp4 S8 fold=0 model=fbcnet seed=47
/home/user/Desktop/eegthingy_local_allmodels_20260721/.venv/lib/python3.12/site-packages/braindecode/modules/filter.py:168: UserWarning: Creating the filter banks equally divided in the interval 4Hz to 40Hz with almost equal bandwidths. If you want a specific interval, please specify 'band_filters' as a list of tuples.
  warn(
  BA=0.8667 best_epoch=131 seconds=2.9
[2026-07-21T04:59:57.160551+00:00] local_exp4 S10 fold=0 model=fbcnet seed=7
/home/user/Desktop/eegthingy_local_allmodels_20260721/.venv/lib/python3.12/site-packages/braindecode/modules/filter.py:168: UserWarning: Creating the filter banks equally divided in the interval 4Hz to 40Hz with almost equal bandwidths. If you want a specific interval, please specify 'band_filters' as a list of tuples.
  warn(
  BA=0.9833 best_epoch=97 seconds=2.2
[2026-07-21T04:59:59.392108+00:00] local_exp4 S10 fold=0 model=fbcnet seed=17
/home/user/Desktop/eegthingy_local_allmodels_20260721/.venv/lib/python3.12/site-packages/braindecode/modules/filter.py:168: UserWarning: Creating the filter banks equally divided in the interval 4Hz to 40Hz with almost equal bandwidths. If you want a specific interval, please specify 'band_filters' as a list of tuples.
  warn(
  BA=0.8833 best_epoch=102 seconds=2.3
[2026-07-21T05:00:01.758338+00:00] local_exp4 S10 fold=0 model=fbcnet seed=27
/home/user/Desktop/eegthingy_local_allmodels_20260721/.venv/lib/python3.12/site-packages/braindecode/modules/filter.py:168: UserWarning: Creating the filter banks equally divided in the interval 4Hz to 40Hz with almost equal bandwidths. If you want a specific interval, please specify 'band_filters' as a list of tuples.
  warn(
  BA=0.9500 best_epoch=62 seconds=1.5
[2026-07-21T05:00:03.320540+00:00] local_exp4 S10 fold=0 model=fbcnet seed=37
/home/user/Desktop/eegthingy_local_allmodels_20260721/.venv/lib/python3.12/site-packages/braindecode/modules/filter.py:168: UserWarning: Creating the filter banks equally divided in the interval 4Hz to 40Hz with almost equal bandwidths. If you want a specific interval, please specify 'band_filters' as a list of tuples.
  warn(
  BA=0.9500 best_epoch=131 seconds=2.8
[2026-07-21T05:00:06.198065+00:00] local_exp4 S10 fold=0 model=fbcnet seed=47
/home/user/Desktop/eegthingy_local_allmodels_20260721/.venv/lib/python3.12/site-packages/braindecode/modules/filter.py:168: UserWarning: Creating the filter banks equally divided in the interval 4Hz to 40Hz with almost equal bandwidths. If you want a specific interval, please specify 'band_filters' as a list of tuples.
  warn(
  BA=0.9500 best_epoch=89 seconds=2.1
wrote /home/user/Desktop/eegthingy_local_allmodels_20260721/results/local_all_43_formal_v1/artifacts/fbcnet.json
