[2026-07-21T06:08:06.911527+00:00] local_exp4 S1 fold=0 model=tcformer seed=7
/home/user/Desktop/eegthingy_local_allmodels_20260721/.venv/lib/python3.12/site-packages/torch/nn/modules/conv.py:548: UserWarning: Using padding='same' with even kernel lengths and odd dilation may require a zero-padded copy of the input be created (Triggered internally at /pytorch/aten/src/ATen/native/Convolution.cpp:1024.)
  return F.conv2d(
  BA=0.8333 best_epoch=126 seconds=8.7
[2026-07-21T06:08:16.791165+00:00] local_exp4 S1 fold=0 model=tcformer seed=17
  BA=0.8333 best_epoch=88 seconds=6.1
[2026-07-21T06:08:22.896294+00:00] local_exp4 S1 fold=0 model=tcformer seed=27
  BA=0.8500 best_epoch=115 seconds=7.6
[2026-07-21T06:08:30.558512+00:00] local_exp4 S1 fold=0 model=tcformer seed=37
  BA=0.8500 best_epoch=135 seconds=8.8
[2026-07-21T06:08:39.376134+00:00] local_exp4 S1 fold=0 model=tcformer seed=47
  BA=0.8667 best_epoch=125 seconds=8.1
[2026-07-21T06:08:47.500569+00:00] local_exp4 S3 fold=0 model=tcformer seed=7
  BA=0.9667 best_epoch=42 seconds=3.3
[2026-07-21T06:08:50.859128+00:00] local_exp4 S3 fold=0 model=tcformer seed=17
  BA=0.9667 best_epoch=44 seconds=3.4
[2026-07-21T06:08:54.323522+00:00] local_exp4 S3 fold=0 model=tcformer seed=27
  BA=0.9833 best_epoch=82 seconds=5.6
[2026-07-21T06:08:59.938116+00:00] local_exp4 S3 fold=0 model=tcformer seed=37
  BA=0.9833 best_epoch=111 seconds=7.2
[2026-07-21T06:09:07.165754+00:00] local_exp4 S3 fold=0 model=tcformer seed=47
  BA=0.9833 best_epoch=130 seconds=8.4
[2026-07-21T06:09:15.554908+00:00] local_exp4 S4 fold=0 model=tcformer seed=7
  BA=0.9333 best_epoch=45 seconds=3.5
[2026-07-21T06:09:19.135342+00:00] local_exp4 S4 fold=0 model=tcformer seed=17
  BA=0.9000 best_epoch=33 seconds=2.9
[2026-07-21T06:09:22.043802+00:00] local_exp4 S4 fold=0 model=tcformer seed=27
  BA=0.9167 best_epoch=35 seconds=3.0
[2026-07-21T06:09:25.064740+00:00] local_exp4 S4 fold=0 model=tcformer seed=37
  BA=0.9333 best_epoch=48 seconds=3.7
[2026-07-21T06:09:28.835230+00:00] local_exp4 S4 fold=0 model=tcformer seed=47
  BA=0.8833 best_epoch=33 seconds=2.9
[2026-07-21T06:09:31.748878+00:00] local_exp4 S5 fold=0 model=tcformer seed=7
  BA=1.0000 best_epoch=104 seconds=6.9
[2026-07-21T06:09:38.715910+00:00] local_exp4 S5 fold=0 model=tcformer seed=17
  BA=1.0000 best_epoch=70 seconds=5.0
[2026-07-21T06:09:43.721590+00:00] local_exp4 S5 fold=0 model=tcformer seed=27
  BA=1.0000 best_epoch=89 seconds=6.0
[2026-07-21T06:09:49.791995+00:00] local_exp4 S5 fold=0 model=tcformer seed=37
  BA=1.0000 best_epoch=88 seconds=6.0
[2026-07-21T06:09:55.875455+00:00] local_exp4 S5 fold=0 model=tcformer seed=47
  BA=1.0000 best_epoch=111 seconds=7.3
[2026-07-21T06:10:03.215493+00:00] local_exp4 S6 fold=0 model=tcformer seed=7
  BA=0.9833 best_epoch=90 seconds=6.0
[2026-07-21T06:10:09.288419+00:00] local_exp4 S6 fold=0 model=tcformer seed=17
  BA=1.0000 best_epoch=94 seconds=6.3
[2026-07-21T06:10:15.609813+00:00] local_exp4 S6 fold=0 model=tcformer seed=27
  BA=0.9833 best_epoch=105 seconds=6.9
[2026-07-21T06:10:22.533895+00:00] local_exp4 S6 fold=0 model=tcformer seed=37
  BA=0.9833 best_epoch=84 seconds=5.7
[2026-07-21T06:10:28.285897+00:00] local_exp4 S6 fold=0 model=tcformer seed=47
  BA=0.9833 best_epoch=120 seconds=7.8
[2026-07-21T06:10:36.120554+00:00] local_exp4 S7 fold=0 model=tcformer seed=7
  BA=0.8333 best_epoch=118 seconds=7.7
[2026-07-21T06:10:43.839308+00:00] local_exp4 S7 fold=0 model=tcformer seed=17
  BA=0.8000 best_epoch=100 seconds=6.7
[2026-07-21T06:10:50.533646+00:00] local_exp4 S7 fold=0 model=tcformer seed=27
  BA=0.8000 best_epoch=122 seconds=8.1
[2026-07-21T06:10:58.635648+00:00] local_exp4 S7 fold=0 model=tcformer seed=37
  BA=0.8167 best_epoch=101 seconds=6.8
[2026-07-21T06:11:05.430191+00:00] local_exp4 S7 fold=0 model=tcformer seed=47
  BA=0.8333 best_epoch=66 seconds=4.9
[2026-07-21T06:11:10.319599+00:00] local_exp4 S8 fold=0 model=tcformer seed=7
  BA=0.9333 best_epoch=81 seconds=5.7
[2026-07-21T06:11:16.063288+00:00] local_exp4 S8 fold=0 model=tcformer seed=17
  BA=0.9333 best_epoch=76 seconds=5.4
[2026-07-21T06:11:21.537089+00:00] local_exp4 S8 fold=0 model=tcformer seed=27
  BA=0.9500 best_epoch=112 seconds=7.5
[2026-07-21T06:11:29.081733+00:00] local_exp4 S8 fold=0 model=tcformer seed=37
  BA=0.9333 best_epoch=145 seconds=9.4
[2026-07-21T06:11:38.561472+00:00] local_exp4 S8 fold=0 model=tcformer seed=47
  BA=0.9000 best_epoch=154 seconds=10.0
[2026-07-21T06:11:48.573310+00:00] local_exp4 S10 fold=0 model=tcformer seed=7
  BA=0.9333 best_epoch=94 seconds=6.4
[2026-07-21T06:11:55.036639+00:00] local_exp4 S10 fold=0 model=tcformer seed=17
  BA=0.9167 best_epoch=82 seconds=5.8
[2026-07-21T06:12:00.836094+00:00] local_exp4 S10 fold=0 model=tcformer seed=27
  BA=0.9333 best_epoch=98 seconds=6.7
[2026-07-21T06:12:07.557796+00:00] local_exp4 S10 fold=0 model=tcformer seed=37
  BA=0.9333 best_epoch=102 seconds=6.8
[2026-07-21T06:12:14.404611+00:00] local_exp4 S10 fold=0 model=tcformer seed=47
  BA=0.9500 best_epoch=96 seconds=6.6
wrote /home/user/Desktop/eegthingy_local_allmodels_20260721/results/local_all_43_formal_v1/artifacts/tcformer.json
