=== Fri Jul 17 21:46:26 EDT 2026 : pulling texlive + compiling ===
Unable to find image 'texlive/texlive:latest' locally
latest: Pulling from texlive/texlive
1c38b15808ca: Pulling fs layer
faf4ca0b2f53: Pulling fs layer
a1a017c43352: Pulling fs layer
734daa704ba3: Pulling fs layer
dfc72a1c361a: Pulling fs layer
8ba2d0659e0a: Pulling fs layer
d1124e8c164d: Pulling fs layer
b6d9aba0f7bb: Pulling fs layer
4f4fb700ef54: Pulling fs layer
4f4fb700ef54: Already exists
b6d9aba0f7bb: Download complete
734daa704ba3: Download complete
8ba2d0659e0a: Download complete
8ba2d0659e0a: Pull complete
1c38b15808ca: Download complete
a1a017c43352: Download complete
dfc72a1c361a: Download complete
faf4ca0b2f53: Download complete
d1124e8c164d: Download complete
4f4fb700ef54: Pull complete
b6d9aba0f7bb: Pull complete
d1124e8c164d: Pull complete
a1a017c43352: Pull complete
734daa704ba3: Pull complete
faf4ca0b2f53: Pull complete
dfc72a1c361a: Pull complete
1c38b15808ca: Pull complete
Digest: sha256:d39efa547acfa518072600315280f92357ca8e0b9e295e09b6ccd5f5d82a1373
Status: Downloaded newer image for texlive/texlive:latest
Rc files read (in order):
  NONE
Latexmk: This is Latexmk, John Collins, 9 March 2026. Version 4.88.
No existing .aux file, so I'll make a simple one, and require run of *latex.
Latexmk: applying rule 'pdflatex'...
Rule 'pdflatex':  Reasons for rerun
Category 'other':
  Rerun of 'pdflatex' forced or previously required:
    Reason or flag: 'Initial setup'

------------
Run number 1 of rule 'pdflatex'
------------
------------
Running 'pdflatex  -interaction=nonstopmode -halt-on-error -recorder  "main.tex"'
------------
This is pdfTeX, Version 3.141592653-2.6-1.40.29 (TeX Live 2026) (preloaded format=pdflatex)
 restricted \write18 enabled.
entering extended mode
(./main.tex
LaTeX2e <2026-06-01>
L3 programming layer <2026-06-18>
(/usr/local/texlive/2026/texmf-dist/tex/latex/ieeetran/IEEEtran.cls
Document Class: IEEEtran 2015/08/26 V1.8b by Michael Shell
-- See the "IEEEtran_HOWTO" manual for usage information.
-- http://www.michaelshell.org/tex/ieeetran/
(/usr/local/texlive/2026/texmf-dist/tex/latex/psnfss/ot1ptm.fd)
-- Using 8.5in x 11in (letter) paper.
-- Using PDF output.
-- This is a 10 point document.
) (/usr/local/texlive/2026/texmf-dist/tex/latex/amsmath/amsmath.sty
For additional information on amsmath, use the `?' option.
(/usr/local/texlive/2026/texmf-dist/tex/latex/amsmath/amstext.sty
(/usr/local/texlive/2026/texmf-dist/tex/latex/amsmath/amsgen.sty))
(/usr/local/texlive/2026/texmf-dist/tex/latex/amsmath/amsbsy.sty)
(/usr/local/texlive/2026/texmf-dist/tex/latex/amsmath/amsopn.sty))
(/usr/local/texlive/2026/texmf-dist/tex/latex/amsfonts/amssymb.sty
(/usr/local/texlive/2026/texmf-dist/tex/latex/amsfonts/amsfonts.sty))
(/usr/local/texlive/2026/texmf-dist/tex/latex/graphics/graphicx.sty
(/usr/local/texlive/2026/texmf-dist/tex/latex/graphics/keyval.sty)
(/usr/local/texlive/2026/texmf-dist/tex/latex/graphics/graphics.sty
(/usr/local/texlive/2026/texmf-dist/tex/latex/graphics/trig.sty)
(/usr/local/texlive/2026/texmf-dist/tex/latex/graphics-cfg/graphics.cfg)
(/usr/local/texlive/2026/texmf-dist/tex/latex/graphics-def/pdftex.def)))
(/usr/local/texlive/2026/texmf-dist/tex/latex/booktabs/booktabs.sty)
(/usr/local/texlive/2026/texmf-dist/tex/latex/url/url.sty)
(/usr/local/texlive/2026/texmf-dist/tex/latex/hyperref/hyperref.sty
(/usr/local/texlive/2026/texmf-dist/tex/generic/iftex/iftex.sty)
(/usr/local/texlive/2026/texmf-dist/tex/latex/kvsetkeys/kvsetkeys.sty)
(/usr/local/texlive/2026/texmf-dist/tex/generic/kvdefinekeys/kvdefinekeys.sty)
(/usr/local/texlive/2026/texmf-dist/tex/generic/pdfescape/pdfescape.sty
(/usr/local/texlive/2026/texmf-dist/tex/generic/ltxcmds/ltxcmds.sty)
(/usr/local/texlive/2026/texmf-dist/tex/generic/pdftexcmds/pdftexcmds.sty
(/usr/local/texlive/2026/texmf-dist/tex/generic/infwarerr/infwarerr.sty)))
(/usr/local/texlive/2026/texmf-dist/tex/latex/hycolor/hycolor.sty)
(/usr/local/texlive/2026/texmf-dist/tex/latex/hyperref/nameref.sty
(/usr/local/texlive/2026/texmf-dist/tex/latex/refcount/refcount.sty)
(/usr/local/texlive/2026/texmf-dist/tex/generic/gettitlestring/gettitlestring.s
ty (/usr/local/texlive/2026/texmf-dist/tex/latex/kvoptions/kvoptions.sty)))
(/usr/local/texlive/2026/texmf-dist/tex/latex/etoolbox/etoolbox.sty)
(/usr/local/texlive/2026/texmf-dist/tex/generic/stringenc/stringenc.sty)
(/usr/local/texlive/2026/texmf-dist/tex/latex/hyperref/pd1enc.def)
(/usr/local/texlive/2026/texmf-dist/tex/generic/intcalc/intcalc.sty)
(/usr/local/texlive/2026/texmf-dist/tex/latex/hyperref/puenc.def)
(/usr/local/texlive/2026/texmf-dist/tex/generic/bitset/bitset.sty
(/usr/local/texlive/2026/texmf-dist/tex/generic/bigintcalc/bigintcalc.sty)))
(/usr/local/texlive/2026/texmf-dist/tex/latex/hyperref/hpdftex.def
(/usr/local/texlive/2026/texmf-dist/tex/latex/rerunfilecheck/rerunfilecheck.sty

(/usr/local/texlive/2026/texmf-dist/tex/generic/uniquecounter/uniquecounter.sty
))) (/usr/local/texlive/2026/texmf-dist/tex/latex/xcolor/xcolor.sty
(/usr/local/texlive/2026/texmf-dist/tex/latex/graphics-cfg/color.cfg)
(/usr/local/texlive/2026/texmf-dist/tex/latex/graphics/mathcolor.ltx))
(/usr/local/texlive/2026/texmf-dist/tex/latex/l3backend/l3backend-pdftex.def)
(./main.aux)
-- Lines per column: 58 (exact).
(/usr/local/texlive/2026/texmf-dist/tex/context/base/mkii/supp-pdf.mkii
[Loading MPS to PDF converter (version 2006.09.02).]
) (/usr/local/texlive/2026/texmf-dist/tex/latex/epstopdf-pkg/epstopdf-base.sty
(/usr/local/texlive/2026/texmf-dist/tex/latex/latexconfig/epstopdf-sys.cfg))
(/usr/local/texlive/2026/texmf-dist/tex/latex/amsfonts/umsa.fd)
(/usr/local/texlive/2026/texmf-dist/tex/latex/amsfonts/umsb.fd)
Underfull \hbox (badness 3343) in paragraph at lines 30--49
[]\OT1/ptm/b/it/9 Abstract\OT1/ptm/b/n/9 ---Motor-imagery (MI) brain--computer 
in-ter-faces

Underfull \hbox (badness 2680) in paragraph at lines 51--54
[]\OT1/ptm/b/it/9 Index Terms\OT1/ptm/b/n/9 ---Brain--computer in-ter-face, mo-
tor im-agery,

LaTeX Warning: Citation `leeb2015telepresence' on page 1 undefined on input lin
e 60.


LaTeX Warning: Citation `tonin2021review' on page 1 undefined on input line 60.



LaTeX Warning: Citation `ownDualValidation2025' on page 1 undefined on input li
ne 63.


LaTeX Warning: Citation `wu2022transferreview' on page 1 undefined on input lin
e 63.


LaTeX Warning: Citation `ownRobustMI2025' on page 1 undefined on input line 76.



LaTeX Warning: Citation `ownDualValidation2025' on page 1 undefined on input li
ne 76.


LaTeX Warning: Reference `sec:controller' on page 1 undefined on input line 82.



LaTeX Warning: Reference `sec:adapt' on page 1 undefined on input line 85.


Underfull \hbox (badness 10000) in paragraph at lines 83--86
[]\OT1/ptm/m/n/10 An \OT1/ptm/b/n/10 un-su-per-vised, label-free session-adapta
tion

Underfull \hbox (badness 10000) in paragraph at lines 83--86
\OT1/ptm/m/n/10 scheme---alignment-reference re-com-pu-ta-tion plus

LaTeX Warning: Reference `sec:results' on page 1 undefined on input line 88.


LaTeX Warning: Reference `sec:method-exp' on page 1 undefined on input line 94.



LaTeX Warning: Reference `sec:limits' on page 1 undefined on input line 94.


LaTeX Warning: Citation `ramoser2000csp' on page 1 undefined on input line 98.


LaTeX Warning: Citation `blankertz2008csp' on page 1 undefined on input line 98
.


LaTeX Warning: Citation `ang2008fbcsp' on page 1 undefined on input line 99.


LaTeX Warning: Citation `ang2012fbcsp' on page 1 undefined on input line 99.


LaTeX Warning: Citation `blankertz2011shrinkage' on page 1 undefined on input l
ine 100.


LaTeX Warning: Citation `ledoit2004shrinkage' on page 1 undefined on input line
 100.


LaTeX Warning: Citation `barachant2012riemann' on page 1 undefined on input lin
e 103.


LaTeX Warning: Citation `barachant2013tangent' on page 1 undefined on input lin
e 103.


LaTeX Warning: Citation `congedo2017primer' on page 1 undefined on input line 1
03.


LaTeX Warning: Citation `yger2017review' on page 1 undefined on input line 103.



LaTeX Warning: Citation `lawhern2018eegnet' on page 1 undefined on input line 1
05.


LaTeX Warning: Citation `schirrmeister2017deep' on page 1 undefined on input li
ne 105.


LaTeX Warning: Citation `song2023conformer' on page 1 undefined on input line 1
05.


LaTeX Warning: Citation `altaheri2023atcnet' on page 1 undefined on input line 
105.


LaTeX Warning: Citation `roy2019dlreview' on page 1 undefined on input line 105
.


LaTeX Warning: Citation `labAssessmentHRI2024' on page 1 undefined on input lin
e 109.


LaTeX Warning: Citation `labComparative2024' on page 1 undefined on input line 
109.


LaTeX Warning: Citation `he2020ea' on page 1 undefined on input line 112.


LaTeX Warning: Citation `zanini2018transfer' on page 1 undefined on input line 
114.


LaTeX Warning: Citation `rodrigues2019rpa' on page 1 undefined on input line 11
4.


LaTeX Warning: Citation `kwon2020subjectindependent' on page 1 undefined on inp
ut line 115.


LaTeX Warning: Citation `wu2022transferreview' on page 1 undefined on input lin
e 115.

[1{/usr/local/texlive/2026/texmf-var/fonts/map/pdftex/updmap/pdftex.map}{/usr/l
ocal/texlive/2026/texmf-dist/fonts/enc/dvips/base/8r.enc}]

LaTeX Warning: Citation `millan2004mobilerobot' on page 2 undefined on input li
ne 119.


LaTeX Warning: Citation `galan2008wheelchair' on page 2 undefined on input line
 119.


LaTeX Warning: Citation `tsui2011selfpaced' on page 2 undefined on input line 1
19.


LaTeX Warning: Citation `carlson2013wheelchair' on page 2 undefined on input li
ne 119.


LaTeX Warning: Citation `zhang2021survey' on page 2 undefined on input line 119
.


LaTeX Warning: Citation `meng2016robotarm' on page 2 undefined on input line 12
0.


LaTeX Warning: Citation `edelman2019scirobotics' on page 2 undefined on input l
ine 120.


LaTeX Warning: Citation `iturrate2009wheelchair' on page 2 undefined on input l
ine 121.


LaTeX Warning: Citation `leeb2015telepresence' on page 2 undefined on input lin
e 122.


LaTeX Warning: Citation `carlson2013wheelchair' on page 2 undefined on input li
ne 123.


LaTeX Warning: Citation `xu2023sharedcontrol' on page 2 undefined on input line
 123.


LaTeX Warning: Citation `tonin2021review' on page 2 undefined on input line 123
.


LaTeX Warning: Citation `mason2000switch' on page 2 undefined on input line 125
.


LaTeX Warning: Citation `tsui2011selfpaced' on page 2 undefined on input line 1
25.


LaTeX Warning: Citation `ferrez2008errp' on page 2 undefined on input line 126.



LaTeX Warning: Citation `chavarriaga2010errp' on page 2 undefined on input line
 126.


Underfull \hbox (badness 1394) in paragraph at lines 118--129
\OT1/ptm/m/it/10 con-trol \OT1/ptm/m/n/10 that blends user in-tent with au-ton-
omy [[]], [[]],

LaTeX Warning: Reference `fig:system' on page 2 undefined on input line 132.


Underfull \hbox (badness 10000) in paragraph at lines 158--161
\OT1/ptm/m/n/10 odds, and a fil-ter bank of four bands $\OMS/cmsy/m/n/10 B \OT1
/cmr/m/n/10 =

LaTeX Warning: Citation `he2020ea' on page 2 undefined on input line 164.


LaTeX Warning: Citation `ledoit2004shrinkage' on page 2 undefined on input line
 170.


LaTeX Warning: Citation `barachant2012riemann' on page 2 undefined on input lin
e 175.


LaTeX Warning: Citation `zanini2018transfer' on page 2 undefined on input line 
175.


LaTeX Warning: Citation `barachant2013tangent' on page 2 undefined on input lin
e 177.


Underfull \hbox (badness 3492) in paragraph at lines 173--179
\OMS/cmsy/m/n/10 k[]\OT1/cmr/m/n/10 (\OML/cmm/m/it/10 A[]BA[]\OT1/cmr/m/n/10 )\
OMS/cmsy/m/n/10 k[]$ \OT1/ptm/m/n/10 [[]], [[]]; the re-cen-tred ma-tri-ces

LaTeX Warning: Reference `fig:method' on page 2 undefined on input line 201.


LaTeX Warning: Reference `tab:params' on page 2 undefined on input line 202.

[2 <./figures/system.png>]

LaTeX Warning: Reference `sec:limits' on page 3 undefined on input line 233.


Underfull \hbox (badness 1509) in paragraph at lines 229--234
\OT1/ptm/m/n/10 maze sim-u-la-tor with a TIAGo/PMB2-shaped robot. The

Overfull \hbox (20.35074pt too wide) in paragraph at lines 251--266
 [][] 

LaTeX Warning: Reference `tab:offline' on page 3 undefined on input line 284.


Underfull \hbox (badness 4805) in paragraph at lines 283--289
\OT1/cmr/m/n/10 8\OML/cmm/m/it/10 :\OT1/cmr/m/n/10 9$\OT1/ptm/m/n/10 % (Riemann
ian-TS+LR); pooled gen-er-al-ized mod-els

LaTeX Warning: Reference `fig:latency' on page 3 undefined on input line 308.


LaTeX Warning: Reference `tab:cond' on page 3 undefined on input line 310.


LaTeX Warning: Reference `tab:subj' on page 3 undefined on input line 317.


LaTeX Warning: Reference `fig:traj' on page 3 undefined on input line 317.

[3 <./figures/method_recenter.png>]
Overfull \hbox (48.55014pt too wide) in paragraph at lines 323--335
 [][] 

LaTeX Warning: Reference `fig:drift' on page 4 undefined on input line 390.

No file main.bbl.
[4 <./figures/results_2x2.png> <./figures/latency.png>] [5 <./figures/trajector
y.png> <./figures/center_drift.png>] (./main.aux)

LaTeX Warning: There were undefined references.


LaTeX Warning: Label(s) may have changed. Rerun to get cross-references right.


Package rerunfilecheck Warning: File `main.out' has changed.
(rerunfilecheck)                Rerun to get outlines right
(rerunfilecheck)                or use package `bookmark'.

 )
(see the transcript file for additional information)</usr/local/texlive/2026/te
xmf-dist/fonts/type1/public/amsfonts/cm/cmex10.pfb></usr/local/texlive/2026/tex
mf-dist/fonts/type1/public/amsfonts/cm/cmmi10.pfb></usr/local/texlive/2026/texm
f-dist/fonts/type1/public/amsfonts/cm/cmmi5.pfb></usr/local/texlive/2026/texmf-
dist/fonts/type1/public/amsfonts/cm/cmmi6.pfb></usr/local/texlive/2026/texmf-di
st/fonts/type1/public/amsfonts/cm/cmmi7.pfb></usr/local/texlive/2026/texmf-dist
/fonts/type1/public/amsfonts/cm/cmmi8.pfb></usr/local/texlive/2026/texmf-dist/f
onts/type1/public/amsfonts/cm/cmr10.pfb></usr/local/texlive/2026/texmf-dist/fon
ts/type1/public/amsfonts/cm/cmr7.pfb></usr/local/texlive/2026/texmf-dist/fonts/
type1/public/amsfonts/cm/cmr8.pfb></usr/local/texlive/2026/texmf-dist/fonts/typ
e1/public/amsfonts/cm/cmr9.pfb></usr/local/texlive/2026/texmf-dist/fonts/type1/
public/amsfonts/cm/cmsy10.pfb></usr/local/texlive/2026/texmf-dist/fonts/type1/p
ublic/amsfonts/cm/cmsy7.pfb></usr/local/texlive/2026/texmf-dist/fonts/type1/pub
lic/amsfonts/cm/cmsy8.pfb></usr/local/texlive/2026/texmf-dist/fonts/type1/publi
c/amsfonts/cm/cmsy9.pfb></usr/local/texlive/2026/texmf-dist/fonts/type1/public/
amsfonts/symbols/msbm10.pfb></usr/local/texlive/2026/texmf-dist/fonts/type1/urw
/times/utmb8a.pfb></usr/local/texlive/2026/texmf-dist/fonts/type1/urw/times/utm
bi8a.pfb></usr/local/texlive/2026/texmf-dist/fonts/type1/urw/times/utmr8a.pfb><
/usr/local/texlive/2026/texmf-dist/fonts/type1/urw/times/utmri8a.pfb>
Output written on main.pdf (5 pages, 602694 bytes).
Transcript written on main.log.
Latexmk: Getting log file 'main.log'
Latexmk: Examining 'main.fls'
Latexmk: Examining 'main.log'
Latexmk: Missing bbl file 'main.bbl' in following:
 No file main.bbl.
Latexmk: References changed.
Latexmk: References changed.
Latexmk: Log file says output to 'main.pdf'
Latexmk: Using bibtex to make bibliography file(s).
  ===Source file 'main.bbl' for 'pdflatex'
Create bibtex main
Latexmk: Found bibliography file(s):
  ./refs.bib
Latexmk: applying rule 'bibtex main'...
Rule 'bibtex main':  Reasons for rerun
Category 'other':
  Rerun of 'bibtex main' forced or previously required:
    Reason or flag: 'Initial set up of rule'

------------
Run number 1 of rule 'bibtex main'
------------
------------
Running 'bibtex  "main.aux"'
------------
This is BibTeX, Version 0.99e (TeX Live 2026)
The top-level auxiliary file: main.aux
The style file: IEEEtran.bst
Database file #1: refs.bib
-- IEEEtran.bst version 1.14 (2015/08/26) by Michael Shell.
-- http://www.michaelshell.org/tex/ieeetran/bibtex/
-- See the "IEEEtran_bst_HOWTO.pdf" manual for usage information.

Done.
Latexmk: applying rule 'pdflatex'...
Rule 'pdflatex':  Reasons for rerun
Changed files or newly in use/created:
  main.aux
  main.bbl
  main.out

------------
Run number 2 of rule 'pdflatex'
------------
------------
Running 'pdflatex  -interaction=nonstopmode -halt-on-error -recorder  "main.tex"'
------------
This is pdfTeX, Version 3.141592653-2.6-1.40.29 (TeX Live 2026) (preloaded format=pdflatex)
 restricted \write18 enabled.
entering extended mode
(./main.tex
LaTeX2e <2026-06-01>
L3 programming layer <2026-06-18>
(/usr/local/texlive/2026/texmf-dist/tex/latex/ieeetran/IEEEtran.cls
Document Class: IEEEtran 2015/08/26 V1.8b by Michael Shell
-- See the "IEEEtran_HOWTO" manual for usage information.
-- http://www.michaelshell.org/tex/ieeetran/
(/usr/local/texlive/2026/texmf-dist/tex/latex/psnfss/ot1ptm.fd)
-- Using 8.5in x 11in (letter) paper.
-- Using PDF output.
-- This is a 10 point document.
) (/usr/local/texlive/2026/texmf-dist/tex/latex/amsmath/amsmath.sty
For additional information on amsmath, use the `?' option.
(/usr/local/texlive/2026/texmf-dist/tex/latex/amsmath/amstext.sty
(/usr/local/texlive/2026/texmf-dist/tex/latex/amsmath/amsgen.sty))
(/usr/local/texlive/2026/texmf-dist/tex/latex/amsmath/amsbsy.sty)
(/usr/local/texlive/2026/texmf-dist/tex/latex/amsmath/amsopn.sty))
(/usr/local/texlive/2026/texmf-dist/tex/latex/amsfonts/amssymb.sty
(/usr/local/texlive/2026/texmf-dist/tex/latex/amsfonts/amsfonts.sty))
(/usr/local/texlive/2026/texmf-dist/tex/latex/graphics/graphicx.sty
(/usr/local/texlive/2026/texmf-dist/tex/latex/graphics/keyval.sty)
(/usr/local/texlive/2026/texmf-dist/tex/latex/graphics/graphics.sty
(/usr/local/texlive/2026/texmf-dist/tex/latex/graphics/trig.sty)
(/usr/local/texlive/2026/texmf-dist/tex/latex/graphics-cfg/graphics.cfg)
(/usr/local/texlive/2026/texmf-dist/tex/latex/graphics-def/pdftex.def)))
(/usr/local/texlive/2026/texmf-dist/tex/latex/booktabs/booktabs.sty)
(/usr/local/texlive/2026/texmf-dist/tex/latex/url/url.sty)
(/usr/local/texlive/2026/texmf-dist/tex/latex/hyperref/hyperref.sty
(/usr/local/texlive/2026/texmf-dist/tex/generic/iftex/iftex.sty)
(/usr/local/texlive/2026/texmf-dist/tex/latex/kvsetkeys/kvsetkeys.sty)
(/usr/local/texlive/2026/texmf-dist/tex/generic/kvdefinekeys/kvdefinekeys.sty)
(/usr/local/texlive/2026/texmf-dist/tex/generic/pdfescape/pdfescape.sty
(/usr/local/texlive/2026/texmf-dist/tex/generic/ltxcmds/ltxcmds.sty)
(/usr/local/texlive/2026/texmf-dist/tex/generic/pdftexcmds/pdftexcmds.sty
(/usr/local/texlive/2026/texmf-dist/tex/generic/infwarerr/infwarerr.sty)))
(/usr/local/texlive/2026/texmf-dist/tex/latex/hycolor/hycolor.sty)
(/usr/local/texlive/2026/texmf-dist/tex/latex/hyperref/nameref.sty
(/usr/local/texlive/2026/texmf-dist/tex/latex/refcount/refcount.sty)
(/usr/local/texlive/2026/texmf-dist/tex/generic/gettitlestring/gettitlestring.s
ty (/usr/local/texlive/2026/texmf-dist/tex/latex/kvoptions/kvoptions.sty)))
(/usr/local/texlive/2026/texmf-dist/tex/latex/etoolbox/etoolbox.sty)
(/usr/local/texlive/2026/texmf-dist/tex/generic/stringenc/stringenc.sty)
(/usr/local/texlive/2026/texmf-dist/tex/latex/hyperref/pd1enc.def)
(/usr/local/texlive/2026/texmf-dist/tex/generic/intcalc/intcalc.sty)
(/usr/local/texlive/2026/texmf-dist/tex/latex/hyperref/puenc.def)
(/usr/local/texlive/2026/texmf-dist/tex/generic/bitset/bitset.sty
(/usr/local/texlive/2026/texmf-dist/tex/generic/bigintcalc/bigintcalc.sty)))
(/usr/local/texlive/2026/texmf-dist/tex/latex/hyperref/hpdftex.def
(/usr/local/texlive/2026/texmf-dist/tex/latex/rerunfilecheck/rerunfilecheck.sty

(/usr/local/texlive/2026/texmf-dist/tex/generic/uniquecounter/uniquecounter.sty
))) (/usr/local/texlive/2026/texmf-dist/tex/latex/xcolor/xcolor.sty
(/usr/local/texlive/2026/texmf-dist/tex/latex/graphics-cfg/color.cfg)
(/usr/local/texlive/2026/texmf-dist/tex/latex/graphics/mathcolor.ltx))
(/usr/local/texlive/2026/texmf-dist/tex/latex/l3backend/l3backend-pdftex.def)
(./main.aux)
-- Lines per column: 58 (exact).
(/usr/local/texlive/2026/texmf-dist/tex/context/base/mkii/supp-pdf.mkii
[Loading MPS to PDF converter (version 2006.09.02).]
) (/usr/local/texlive/2026/texmf-dist/tex/latex/epstopdf-pkg/epstopdf-base.sty
(/usr/local/texlive/2026/texmf-dist/tex/latex/latexconfig/epstopdf-sys.cfg))
(./main.out) (./main.out)
(/usr/local/texlive/2026/texmf-dist/tex/latex/amsfonts/umsa.fd)
(/usr/local/texlive/2026/texmf-dist/tex/latex/amsfonts/umsb.fd)
Underfull \hbox (badness 3343) in paragraph at lines 30--49
[]\OT1/ptm/b/it/9 Abstract\OT1/ptm/b/n/9 ---Motor-imagery (MI) brain--computer 
in-ter-faces

Underfull \hbox (badness 2680) in paragraph at lines 51--54
[]\OT1/ptm/b/it/9 Index Terms\OT1/ptm/b/n/9 ---Brain--computer in-ter-face, mo-
tor im-agery,

LaTeX Warning: Citation `leeb2015telepresence' on page 1 undefined on input lin
e 60.


LaTeX Warning: Citation `tonin2021review' on page 1 undefined on input line 60.



LaTeX Warning: Citation `ownDualValidation2025' on page 1 undefined on input li
ne 63.


LaTeX Warning: Citation `wu2022transferreview' on page 1 undefined on input lin
e 63.


LaTeX Warning: Citation `ownRobustMI2025' on page 1 undefined on input line 76.



LaTeX Warning: Citation `ownDualValidation2025' on page 1 undefined on input li
ne 76.


Underfull \hbox (badness 10000) in paragraph at lines 83--86
[]\OT1/ptm/m/n/10 An \OT1/ptm/b/n/10 un-su-per-vised, label-free session-adapta
tion

Underfull \hbox (badness 10000) in paragraph at lines 83--86
\OT1/ptm/m/n/10 scheme---alignment-reference re-com-pu-ta-tion plus

LaTeX Warning: Citation `ramoser2000csp' on page 1 undefined on input line 98.


LaTeX Warning: Citation `blankertz2008csp' on page 1 undefined on input line 98
.


LaTeX Warning: Citation `ang2008fbcsp' on page 1 undefined on input line 99.


LaTeX Warning: Citation `ang2012fbcsp' on page 1 undefined on input line 99.


LaTeX Warning: Citation `blankertz2011shrinkage' on page 1 undefined on input l
ine 100.


LaTeX Warning: Citation `ledoit2004shrinkage' on page 1 undefined on input line
 100.


LaTeX Warning: Citation `barachant2012riemann' on page 1 undefined on input lin
e 103.


LaTeX Warning: Citation `barachant2013tangent' on page 1 undefined on input lin
e 103.


LaTeX Warning: Citation `congedo2017primer' on page 1 undefined on input line 1
03.


LaTeX Warning: Citation `yger2017review' on page 1 undefined on input line 103.



LaTeX Warning: Citation `lawhern2018eegnet' on page 1 undefined on input line 1
05.


LaTeX Warning: Citation `schirrmeister2017deep' on page 1 undefined on input li
ne 105.


LaTeX Warning: Citation `song2023conformer' on page 1 undefined on input line 1
05.


LaTeX Warning: Citation `altaheri2023atcnet' on page 1 undefined on input line 
105.


LaTeX Warning: Citation `roy2019dlreview' on page 1 undefined on input line 105
.


LaTeX Warning: Citation `labAssessmentHRI2024' on page 1 undefined on input lin
e 109.


LaTeX Warning: Citation `labComparative2024' on page 1 undefined on input line 
109.


LaTeX Warning: Citation `he2020ea' on page 1 undefined on input line 112.


LaTeX Warning: Citation `zanini2018transfer' on page 1 undefined on input line 
114.


LaTeX Warning: Citation `rodrigues2019rpa' on page 1 undefined on input line 11
4.


LaTeX Warning: Citation `kwon2020subjectindependent' on page 1 undefined on inp
ut line 115.


LaTeX Warning: Citation `wu2022transferreview' on page 1 undefined on input lin
e 115.

[1{/usr/local/texlive/2026/texmf-var/fonts/map/pdftex/updmap/pdftex.map}{/usr/l
ocal/texlive/2026/texmf-dist/fonts/enc/dvips/base/8r.enc}]

LaTeX Warning: Citation `millan2004mobilerobot' on page 2 undefined on input li
ne 119.


LaTeX Warning: Citation `galan2008wheelchair' on page 2 undefined on input line
 119.


LaTeX Warning: Citation `tsui2011selfpaced' on page 2 undefined on input line 1
19.


LaTeX Warning: Citation `carlson2013wheelchair' on page 2 undefined on input li
ne 119.


LaTeX Warning: Citation `zhang2021survey' on page 2 undefined on input line 119
.


LaTeX Warning: Citation `meng2016robotarm' on page 2 undefined on input line 12
0.


LaTeX Warning: Citation `edelman2019scirobotics' on page 2 undefined on input l
ine 120.


LaTeX Warning: Citation `iturrate2009wheelchair' on page 2 undefined on input l
ine 121.


LaTeX Warning: Citation `leeb2015telepresence' on page 2 undefined on input lin
e 122.


LaTeX Warning: Citation `carlson2013wheelchair' on page 2 undefined on input li
ne 123.


LaTeX Warning: Citation `xu2023sharedcontrol' on page 2 undefined on input line
 123.


LaTeX Warning: Citation `tonin2021review' on page 2 undefined on input line 123
.


LaTeX Warning: Citation `mason2000switch' on page 2 undefined on input line 125
.


LaTeX Warning: Citation `tsui2011selfpaced' on page 2 undefined on input line 1
25.


LaTeX Warning: Citation `ferrez2008errp' on page 2 undefined on input line 126.



LaTeX Warning: Citation `chavarriaga2010errp' on page 2 undefined on input line
 126.


Underfull \hbox (badness 1394) in paragraph at lines 118--129
\OT1/ptm/m/it/10 con-trol \OT1/ptm/m/n/10 that blends user in-tent with au-ton-
omy [[]], [[]],

Underfull \hbox (badness 10000) in paragraph at lines 158--161
\OT1/ptm/m/n/10 odds, and a fil-ter bank of four bands $\OMS/cmsy/m/n/10 B \OT1
/cmr/m/n/10 =

LaTeX Warning: Citation `he2020ea' on page 2 undefined on input line 164.


LaTeX Warning: Citation `ledoit2004shrinkage' on page 2 undefined on input line
 170.


LaTeX Warning: Citation `barachant2012riemann' on page 2 undefined on input lin
e 175.


LaTeX Warning: Citation `zanini2018transfer' on page 2 undefined on input line 
175.


LaTeX Warning: Citation `barachant2013tangent' on page 2 undefined on input lin
e 177.


Underfull \hbox (badness 3492) in paragraph at lines 173--179
\OMS/cmsy/m/n/10 k[]\OT1/cmr/m/n/10 (\OML/cmm/m/it/10 A[]BA[]\OT1/cmr/m/n/10 )\
OMS/cmsy/m/n/10 k[]$ \OT1/ptm/m/n/10 [[]], [[]]; the re-cen-tred ma-tri-ces
[2 <./figures/system.png>]
Underfull \hbox (badness 1509) in paragraph at lines 229--234
\OT1/ptm/m/n/10 maze sim-u-la-tor with a TIAGo/PMB2-shaped robot. The

Overfull \hbox (20.35074pt too wide) in paragraph at lines 251--266
 [][] 

Underfull \hbox (badness 1377) in paragraph at lines 283--289
\OT1/ptm/m/n/10 agery well (Ta-ble []II[]). Per-son-al-ized within-subject cros
s-

Underfull \hbox (badness 4805) in paragraph at lines 283--289
\OT1/cmr/m/n/10 8\OML/cmm/m/it/10 :\OT1/cmr/m/n/10 9$\OT1/ptm/m/n/10 % (Riemann
ian-TS+LR); pooled gen-er-al-ized mod-els
[3 <./figures/method_recenter.png>]
Overfull \hbox (48.55014pt too wide) in paragraph at lines 323--335
 [][] 
(./main.bbl [4 <./figures/results_2x2.png> <./figures/latency.png>]) [5 <./figu
res/trajectory.png> <./figures/center_drift.png>] (./main.aux)

LaTeX Warning: There were undefined references.


LaTeX Warning: Label(s) may have changed. Rerun to get cross-references right.


Package rerunfilecheck Warning: File `main.out' has changed.
(rerunfilecheck)                Rerun to get outlines right
(rerunfilecheck)                or use package `bookmark'.

 )
(see the transcript file for additional information)</usr/local/texlive/2026/te
xmf-dist/fonts/type1/public/amsfonts/cm/cmex10.pfb></usr/local/texlive/2026/tex
mf-dist/fonts/type1/public/amsfonts/cm/cmmi10.pfb></usr/local/texlive/2026/texm
f-dist/fonts/type1/public/amsfonts/cm/cmmi5.pfb></usr/local/texlive/2026/texmf-
dist/fonts/type1/public/amsfonts/cm/cmmi6.pfb></usr/local/texlive/2026/texmf-di
st/fonts/type1/public/amsfonts/cm/cmmi7.pfb></usr/local/texlive/2026/texmf-dist
/fonts/type1/public/amsfonts/cm/cmmi8.pfb></usr/local/texlive/2026/texmf-dist/f
onts/type1/public/amsfonts/cm/cmr10.pfb></usr/local/texlive/2026/texmf-dist/fon
ts/type1/public/amsfonts/cm/cmr7.pfb></usr/local/texlive/2026/texmf-dist/fonts/
type1/public/amsfonts/cm/cmr8.pfb></usr/local/texlive/2026/texmf-dist/fonts/typ
e1/public/amsfonts/cm/cmr9.pfb></usr/local/texlive/2026/texmf-dist/fonts/type1/
public/amsfonts/cm/cmsy10.pfb></usr/local/texlive/2026/texmf-dist/fonts/type1/p
ublic/amsfonts/cm/cmsy7.pfb></usr/local/texlive/2026/texmf-dist/fonts/type1/pub
lic/amsfonts/cm/cmsy8.pfb></usr/local/texlive/2026/texmf-dist/fonts/type1/publi
c/amsfonts/cm/cmsy9.pfb></usr/local/texlive/2026/texmf-dist/fonts/type1/public/
amsfonts/symbols/msbm10.pfb></usr/local/texlive/2026/texmf-dist/fonts/type1/urw
/times/utmb8a.pfb></usr/local/texlive/2026/texmf-dist/fonts/type1/urw/times/utm
bi8a.pfb></usr/local/texlive/2026/texmf-dist/fonts/type1/urw/times/utmr8a.pfb><
/usr/local/texlive/2026/texmf-dist/fonts/type1/urw/times/utmri8a.pfb>
Output written on main.pdf (5 pages, 613330 bytes).
Transcript written on main.log.
Latexmk: Getting log file 'main.log'
Latexmk: Examining 'main.fls'
Latexmk: Examining 'main.log'
Latexmk: Found input bbl file 'main.bbl'
Latexmk: Found input bbl file 'main.bbl'
Latexmk: References changed.
Latexmk: References changed.
Latexmk: Log file says output to 'main.pdf'
Latexmk: Using bibtex to make bibliography file(s).
  ===Source file 'main.bbl' for 'pdflatex'
Latexmk: Found bibliography file(s):
  ./refs.bib
Latexmk: applying rule 'bibtex main'...
Rule 'bibtex main':  Reasons for rerun
Changed files or newly in use/created:
  main.aux

------------
Run number 2 of rule 'bibtex main'
------------
------------
Running 'bibtex  "main.aux"'
------------
This is BibTeX, Version 0.99e (TeX Live 2026)
The top-level auxiliary file: main.aux
The style file: IEEEtran.bst
Database file #1: refs.bib
-- IEEEtran.bst version 1.14 (2015/08/26) by Michael Shell.
-- http://www.michaelshell.org/tex/ieeetran/bibtex/
-- See the "IEEEtran_bst_HOWTO.pdf" manual for usage information.

Done.
Latexmk: applying rule 'pdflatex'...
Rule 'pdflatex':  Reasons for rerun
Changed files or newly in use/created:
  main.aux
  main.out

------------
Run number 3 of rule 'pdflatex'
------------
------------
Running 'pdflatex  -interaction=nonstopmode -halt-on-error -recorder  "main.tex"'
------------
This is pdfTeX, Version 3.141592653-2.6-1.40.29 (TeX Live 2026) (preloaded format=pdflatex)
 restricted \write18 enabled.
entering extended mode
(./main.tex
LaTeX2e <2026-06-01>
L3 programming layer <2026-06-18>
(/usr/local/texlive/2026/texmf-dist/tex/latex/ieeetran/IEEEtran.cls
Document Class: IEEEtran 2015/08/26 V1.8b by Michael Shell
-- See the "IEEEtran_HOWTO" manual for usage information.
-- http://www.michaelshell.org/tex/ieeetran/
(/usr/local/texlive/2026/texmf-dist/tex/latex/psnfss/ot1ptm.fd)
-- Using 8.5in x 11in (letter) paper.
-- Using PDF output.
-- This is a 10 point document.
) (/usr/local/texlive/2026/texmf-dist/tex/latex/amsmath/amsmath.sty
For additional information on amsmath, use the `?' option.
(/usr/local/texlive/2026/texmf-dist/tex/latex/amsmath/amstext.sty
(/usr/local/texlive/2026/texmf-dist/tex/latex/amsmath/amsgen.sty))
(/usr/local/texlive/2026/texmf-dist/tex/latex/amsmath/amsbsy.sty)
(/usr/local/texlive/2026/texmf-dist/tex/latex/amsmath/amsopn.sty))
(/usr/local/texlive/2026/texmf-dist/tex/latex/amsfonts/amssymb.sty
(/usr/local/texlive/2026/texmf-dist/tex/latex/amsfonts/amsfonts.sty))
(/usr/local/texlive/2026/texmf-dist/tex/latex/graphics/graphicx.sty
(/usr/local/texlive/2026/texmf-dist/tex/latex/graphics/keyval.sty)
(/usr/local/texlive/2026/texmf-dist/tex/latex/graphics/graphics.sty
(/usr/local/texlive/2026/texmf-dist/tex/latex/graphics/trig.sty)
(/usr/local/texlive/2026/texmf-dist/tex/latex/graphics-cfg/graphics.cfg)
(/usr/local/texlive/2026/texmf-dist/tex/latex/graphics-def/pdftex.def)))
(/usr/local/texlive/2026/texmf-dist/tex/latex/booktabs/booktabs.sty)
(/usr/local/texlive/2026/texmf-dist/tex/latex/url/url.sty)
(/usr/local/texlive/2026/texmf-dist/tex/latex/hyperref/hyperref.sty
(/usr/local/texlive/2026/texmf-dist/tex/generic/iftex/iftex.sty)
(/usr/local/texlive/2026/texmf-dist/tex/latex/kvsetkeys/kvsetkeys.sty)
(/usr/local/texlive/2026/texmf-dist/tex/generic/kvdefinekeys/kvdefinekeys.sty)
(/usr/local/texlive/2026/texmf-dist/tex/generic/pdfescape/pdfescape.sty
(/usr/local/texlive/2026/texmf-dist/tex/generic/ltxcmds/ltxcmds.sty)
(/usr/local/texlive/2026/texmf-dist/tex/generic/pdftexcmds/pdftexcmds.sty
(/usr/local/texlive/2026/texmf-dist/tex/generic/infwarerr/infwarerr.sty)))
(/usr/local/texlive/2026/texmf-dist/tex/latex/hycolor/hycolor.sty)
(/usr/local/texlive/2026/texmf-dist/tex/latex/hyperref/nameref.sty
(/usr/local/texlive/2026/texmf-dist/tex/latex/refcount/refcount.sty)
(/usr/local/texlive/2026/texmf-dist/tex/generic/gettitlestring/gettitlestring.s
ty (/usr/local/texlive/2026/texmf-dist/tex/latex/kvoptions/kvoptions.sty)))
(/usr/local/texlive/2026/texmf-dist/tex/latex/etoolbox/etoolbox.sty)
(/usr/local/texlive/2026/texmf-dist/tex/generic/stringenc/stringenc.sty)
(/usr/local/texlive/2026/texmf-dist/tex/latex/hyperref/pd1enc.def)
(/usr/local/texlive/2026/texmf-dist/tex/generic/intcalc/intcalc.sty)
(/usr/local/texlive/2026/texmf-dist/tex/latex/hyperref/puenc.def)
(/usr/local/texlive/2026/texmf-dist/tex/generic/bitset/bitset.sty
(/usr/local/texlive/2026/texmf-dist/tex/generic/bigintcalc/bigintcalc.sty)))
(/usr/local/texlive/2026/texmf-dist/tex/latex/hyperref/hpdftex.def
(/usr/local/texlive/2026/texmf-dist/tex/latex/rerunfilecheck/rerunfilecheck.sty

(/usr/local/texlive/2026/texmf-dist/tex/generic/uniquecounter/uniquecounter.sty
))) (/usr/local/texlive/2026/texmf-dist/tex/latex/xcolor/xcolor.sty
(/usr/local/texlive/2026/texmf-dist/tex/latex/graphics-cfg/color.cfg)
(/usr/local/texlive/2026/texmf-dist/tex/latex/graphics/mathcolor.ltx))
(/usr/local/texlive/2026/texmf-dist/tex/latex/l3backend/l3backend-pdftex.def)
(./main.aux)
-- Lines per column: 58 (exact).
(/usr/local/texlive/2026/texmf-dist/tex/context/base/mkii/supp-pdf.mkii
[Loading MPS to PDF converter (version 2006.09.02).]
) (/usr/local/texlive/2026/texmf-dist/tex/latex/epstopdf-pkg/epstopdf-base.sty
(/usr/local/texlive/2026/texmf-dist/tex/latex/latexconfig/epstopdf-sys.cfg))
(./main.out) (./main.out)
(/usr/local/texlive/2026/texmf-dist/tex/latex/amsfonts/umsa.fd)
(/usr/local/texlive/2026/texmf-dist/tex/latex/amsfonts/umsb.fd)
Underfull \hbox (badness 3343) in paragraph at lines 30--49
[]\OT1/ptm/b/it/9 Abstract\OT1/ptm/b/n/9 ---Motor-imagery (MI) brain--computer 
in-ter-faces

Underfull \hbox (badness 2680) in paragraph at lines 51--54
[]\OT1/ptm/b/it/9 Index Terms\OT1/ptm/b/n/9 ---Brain--computer in-ter-face, mo-
tor im-agery,

Underfull \hbox (badness 10000) in paragraph at lines 83--86
[]\OT1/ptm/m/n/10 An \OT1/ptm/b/n/10 un-su-per-vised, label-free session-adapta
tion

Underfull \hbox (badness 10000) in paragraph at lines 83--86
\OT1/ptm/m/n/10 scheme---alignment-reference re-com-pu-ta-tion plus
[1{/usr/local/texlive/2026/texmf-var/fonts/map/pdftex/updmap/pdftex.map}{/usr/l
ocal/texlive/2026/texmf-dist/fonts/enc/dvips/base/8r.enc}]
Underfull \hbox (badness 10000) in paragraph at lines 158--161
\OT1/ptm/m/n/10 odds, and a fil-ter bank of four bands $\OMS/cmsy/m/n/10 B \OT1
/cmr/m/n/10 =
[2 <./figures/system.png>]
Underfull \hbox (badness 1509) in paragraph at lines 229--234
\OT1/ptm/m/n/10 maze sim-u-la-tor with a TIAGo/PMB2-shaped robot. The

Overfull \hbox (20.35074pt too wide) in paragraph at lines 251--266
 [][] 

Underfull \hbox (badness 1377) in paragraph at lines 283--289
\OT1/ptm/m/n/10 agery well (Ta-ble []II[]). Per-son-al-ized within-subject cros
s-

Underfull \hbox (badness 4805) in paragraph at lines 283--289
\OT1/cmr/m/n/10 8\OML/cmm/m/it/10 :\OT1/cmr/m/n/10 9$\OT1/ptm/m/n/10 % (Riemann
ian-TS+LR); pooled gen-er-al-ized mod-els
[3 <./figures/method_recenter.png>]
Overfull \hbox (48.55014pt too wide) in paragraph at lines 323--335
 [][] 
(./main.bbl [4 <./figures/results_2x2.png> <./figures/latency.png>]) [5 <./figu
res/trajectory.png> <./figures/center_drift.png>] (./main.aux) )
(see the transcript file for additional information)</usr/local/texlive/2026/te
xmf-dist/fonts/type1/public/amsfonts/cm/cmex10.pfb></usr/local/texlive/2026/tex
mf-dist/fonts/type1/public/amsfonts/cm/cmmi10.pfb></usr/local/texlive/2026/texm
f-dist/fonts/type1/public/amsfonts/cm/cmmi5.pfb></usr/local/texlive/2026/texmf-
dist/fonts/type1/public/amsfonts/cm/cmmi6.pfb></usr/local/texlive/2026/texmf-di
st/fonts/type1/public/amsfonts/cm/cmmi7.pfb></usr/local/texlive/2026/texmf-dist
/fonts/type1/public/amsfonts/cm/cmmi8.pfb></usr/local/texlive/2026/texmf-dist/f
onts/type1/public/amsfonts/cm/cmr10.pfb></usr/local/texlive/2026/texmf-dist/fon
ts/type1/public/amsfonts/cm/cmr7.pfb></usr/local/texlive/2026/texmf-dist/fonts/
type1/public/amsfonts/cm/cmr8.pfb></usr/local/texlive/2026/texmf-dist/fonts/typ
e1/public/amsfonts/cm/cmr9.pfb></usr/local/texlive/2026/texmf-dist/fonts/type1/
public/amsfonts/cm/cmsy10.pfb></usr/local/texlive/2026/texmf-dist/fonts/type1/p
ublic/amsfonts/cm/cmsy7.pfb></usr/local/texlive/2026/texmf-dist/fonts/type1/pub
lic/amsfonts/cm/cmsy8.pfb></usr/local/texlive/2026/texmf-dist/fonts/type1/publi
c/amsfonts/cm/cmsy9.pfb></usr/local/texlive/2026/texmf-dist/fonts/type1/public/
amsfonts/symbols/msbm10.pfb></usr/local/texlive/2026/texmf-dist/fonts/type1/urw
/times/utmb8a.pfb></usr/local/texlive/2026/texmf-dist/fonts/type1/urw/times/utm
bi8a.pfb></usr/local/texlive/2026/texmf-dist/fonts/type1/urw/times/utmr8a.pfb><
/usr/local/texlive/2026/texmf-dist/fonts/type1/urw/times/utmri8a.pfb>
Output written on main.pdf (5 pages, 615118 bytes).
Transcript written on main.log.
Latexmk: Getting log file 'main.log'
Latexmk: Examining 'main.fls'
Latexmk: Examining 'main.log'
Latexmk: Found input bbl file 'main.bbl'
Latexmk: Found input bbl file 'main.bbl'
Latexmk: Log file says output to 'main.pdf'
Latexmk: Using bibtex to make bibliography file(s).
  ===Source file 'main.bbl' for 'pdflatex'
Latexmk: Found bibliography file(s):
  ./refs.bib
Latexmk: All targets (main.pdf) are up-to-date

=== exit=0 Fri Jul 17 21:49:58 EDT 2026 ===
